Archive member included to satisfy reference by file (symbol)

C:/KM-20/tool/devkitPro/libnds/lib\libfilesystem.a(nitrofs.o)
                              main.o (nitroFSInit)
C:/KM-20/tool/devkitPro/libnds/lib\libfat.a(libfat.o)
                              C:/KM-20/tool/devkitPro/libnds/lib\libfilesystem.a(nitrofs.o) (fatInitDefault)
C:/KM-20/tool/devkitPro/libnds/lib\libfat.a(disc.o)
                              C:/KM-20/tool/devkitPro/libnds/lib\libfat.a(libfat.o) (_FAT_disc_interfaces)
C:/KM-20/tool/devkitPro/libnds/lib\libfat.a(fatfile.o)
                              C:/KM-20/tool/devkitPro/libnds/lib\libfat.a(libfat.o) (_FAT_open_r)
C:/KM-20/tool/devkitPro/libnds/lib\libfat.a(cache.o)
                              C:/KM-20/tool/devkitPro/libnds/lib\libfat.a(fatfile.o) (_FAT_cache_readSectors)
C:/KM-20/tool/devkitPro/libnds/lib\libfat.a(fatdir.o)
                              C:/KM-20/tool/devkitPro/libnds/lib\libfat.a(libfat.o) (_FAT_stat_r)
C:/KM-20/tool/devkitPro/libnds/lib\libfat.a(directory.o)
                              C:/KM-20/tool/devkitPro/libnds/lib\libfat.a(fatfile.o) (_FAT_directory_entryGetCluster)
C:/KM-20/tool/devkitPro/libnds/lib\libfat.a(partition.o)
                              C:/KM-20/tool/devkitPro/libnds/lib\libfat.a(libfat.o) (_FAT_partition_destructor)
C:/KM-20/tool/devkitPro/libnds/lib\libfat.a(lock.o)
                              C:/KM-20/tool/devkitPro/libnds/lib\libfat.a(partition.o) (_FAT_lock_init)
C:/KM-20/tool/devkitPro/libnds/lib\libfat.a(filetime.o)
                              C:/KM-20/tool/devkitPro/libnds/lib\libfat.a(fatfile.o) (_FAT_filetime_getTimeFromRTC)
C:/KM-20/tool/devkitPro/libnds/lib\libfat.a(file_allocation_table.o)
                              C:/KM-20/tool/devkitPro/libnds/lib\libfat.a(fatfile.o) (_FAT_fat_nextCluster)
C:/KM-20/tool/devkitPro/libnds/lib\libnds9.a(background.o)
                              main.o (bgState)
C:/KM-20/tool/devkitPro/libnds/lib\libnds9.a(sassert.o)
                              main.o (__sassert)
C:/KM-20/tool/devkitPro/libnds/lib\libnds9.a(console.o)
                              main.o (consoleDebugInit)
C:/KM-20/tool/devkitPro/libnds/lib\libnds9.a(trig.o)
                              C:/KM-20/tool/devkitPro/libnds/lib\libnds9.a(background.o) (sinLerp)
C:/KM-20/tool/devkitPro/libnds/lib\libnds9.a(keys.o)
                              main.o (scanKeys)
C:/KM-20/tool/devkitPro/libnds/lib\libnds9.a(dldi.o)
                              C:/KM-20/tool/devkitPro/libnds/lib\libfat.a(disc.o) (dldiGetInternal)
C:/KM-20/tool/devkitPro/libnds/lib\libnds9.a(initSystem.o)
                              c:/km-20/tool/devkitpro/devkitarm/bin/../lib/gcc/arm-none-eabi/10.1.0/../../../../arm-none-eabi/lib/thumb/ds_arm9_crt0.o (initSystem)
C:/KM-20/tool/devkitPro/libnds/lib\libnds9.a(timeSupport.o)
                              C:/KM-20/tool/devkitPro/libnds/lib\libnds9.a(initSystem.o) (__libnds_gtod)
C:/KM-20/tool/devkitPro/libnds/lib\libnds9.a(securearea.o)
                              c:/km-20/tool/devkitpro/devkitarm/bin/../lib/gcc/arm-none-eabi/10.1.0/../../../../arm-none-eabi/lib/thumb/ds_arm9_crt0.o (__secure_area__)
C:/KM-20/tool/devkitPro/libnds/lib\libnds9.a(interrupts.o)
                              main.o (irqInit)
C:/KM-20/tool/devkitPro/libnds/lib\libnds9.a(libnds_exit.arm.o)
                              c:/km-20/tool/devkitpro/devkitarm/bin/../lib/gcc/arm-none-eabi/10.1.0/../../../../arm-none-eabi/lib/thumb/ds_arm9_crt0.o (__libnds_exit)
C:/KM-20/tool/devkitPro/libnds/lib\libnds9.a(card.o)
                              C:/KM-20/tool/devkitPro/libnds/lib\libfilesystem.a(nitrofs.o) (cardParamCommand)
C:/KM-20/tool/devkitPro/libnds/lib\libnds9.a(fifosystem.o)
                              C:/KM-20/tool/devkitPro/libnds/lib\libnds9.a(initSystem.o) (fifoSetValue32Handler)
C:/KM-20/tool/devkitPro/libnds/lib\libnds9.a(dldi_stub.o)
                              C:/KM-20/tool/devkitPro/libnds/lib\libnds9.a(dldi.o) (_io_dldi_stub)
C:/KM-20/tool/devkitPro/libnds/lib\libnds9.a(mpu_setup.o)
                              c:/km-20/tool/devkitpro/devkitarm/bin/../lib/gcc/arm-none-eabi/10.1.0/../../../../arm-none-eabi/lib/thumb/ds_arm9_crt0.o (__libnds_mpu_setup)
C:/KM-20/tool/devkitPro/libnds/lib\libnds9.a(IntrWait.o)
                              main.o (swiWaitForVBlank)
C:/KM-20/tool/devkitPro/libnds/lib\libnds9.a(cpu_clock.o)
                              C:/KM-20/tool/devkitPro/libnds/lib\libnds9.a(initSystem.o) (setCpuClock)
C:/KM-20/tool/devkitPro/libnds/lib\libnds9.a(interruptDispatcher.o)
                              C:/KM-20/tool/devkitPro/libnds/lib\libnds9.a(interrupts.o) (IntrMain)
C:/KM-20/tool/devkitPro/libnds/lib\libnds9.a(debugprint.o)
                              C:/KM-20/tool/devkitPro/libnds/lib\libnds9.a(console.o) (nocashWrite)
C:/KM-20/tool/devkitPro/libnds/lib\libnds9.a(swiSoftReset.o)
                              C:/KM-20/tool/devkitPro/libnds/lib\libnds9.a(fifosystem.o) (swiSoftReset)
[...]
Memory Configuration

Name             Origin             Length             Attributes
ewram            0x0000000002000000 0x0000000000380000
dtcm             0x0000000002ff0000 0x0000000000004000
vectors          0x0000000001000000 0x0000000000000100
itcm             0x0000000001000100 0x0000000000007f00
*default*        0x0000000000000000 0xffffffffffffffff

Linker script and memory map

                0x0000000002380000                __ewram_end = (ORIGIN (ewram) + LENGTH (ewram))
                0x0000000002380000                __eheap_end = (ORIGIN (ewram) + LENGTH (ewram))
                0x0000000002ff4000                __dtcm_top = (ORIGIN (dtcm) + LENGTH (dtcm))
                0x0000000002ff3ff8                __irq_flags = (__dtcm_top - 0x8)
                0x0000000002ff3ffc                __irq_vector = (__dtcm_top - 0x4)
                0x0000000002ff3f00                __sp_svc = (__dtcm_top - 0x100)
                0x0000000002ff3e00                __sp_irq = (__sp_svc - 0x100)
                0x0000000002ff3d00                __sp_usr = (__sp_irq - 0x100)

.secure         0x0000000002000000      0x800
 *(.secure)
 .secure        0x0000000002000000      0x800 C:/KM-20/tool/devkitPro/libnds/lib\libnds9.a(securearea.o)
                0x0000000002000000                __secure_area__

.crt0           0x0000000002000800      0x300
                0x0000000002000800                __text_start = .
 *(.crt0)
 .crt0          0x0000000002000800      0x300 c:/km-20/tool/devkitpro/devkitarm/bin/../lib/gcc/arm-none-eabi/10.1.0/../../../../arm-none-eabi/lib/thumb/ds_arm9_crt0.o
                0x0000000002000800                _start
                0x0000000002000b00                . = ALIGN (0x4)

.plt
 *(.plt)

.init           0x0000000002000b00        0xc
 *(SORT_NONE(.init))
 .init          0x0000000002000b00        0x4 c:/km-20/tool/devkitpro/devkitarm/bin/../lib/gcc/arm-none-eabi/10.1.0/thumb/crti.o
                0x0000000002000b00                _init
 .init          0x0000000002000b04        0x8 c:/km-20/tool/devkitpro/devkitarm/bin/../lib/gcc/arm-none-eabi/10.1.0/thumb/crtn.o

.text           0x0000000002000b40    0x19fa8
 *(EXCLUDE_FILE(*.twl* *.vectors* *.itcm*) .text)
 .text          0x0000000002000b40      0x5b4 main.o
                0x0000000002000b40                init_gfx
                0x0000000002000cdc                init_video
                0x0000000002000e4c                init_sys
                0x0000000002000e6a                main
 *fill*         0x00000000020010f4        0xc ff
 .text          0x0000000002001100     0x4000 C:/KM-20/tool/devkitPro/libnds/lib\libnds9.a(dldi_stub.o)
                0x0000000002001100                _io_dldi_stub
 .text          0x0000000002005100       0xa4 C:/KM-20/tool/devkitPro/libnds/lib\libnds9.a(debugprint.o)
                0x0000000002005100                nocashWrite
                0x0000000002005102                nocashMessage
 .text          0x00000000020051a4      0x11c c:/km-20/tool/devkitpro/devkitarm/bin/../lib/gcc/arm-none-eabi/10.1.0/thumb\libgcc.a(_udivsi3.o)
                0x00000000020051a4                __aeabi_uidiv
                0x00000000020051a4                __udivsi3
                0x00000000020052a0                __aeabi_uidivmod
 .text          0x00000000020052c0      0x150 c:/km-20/tool/devkitpro/devkitarm/bin/../lib/gcc/arm-none-eabi/10.1.0/thumb\libgcc.a(_divsi3.o)
                0x00000000020052c0                __divsi3
                0x00000000020052c0                __aeabi_idiv
                0x00000000020053f0                __aeabi_idivmod
 .text          0x0000000002005410        0x4 c:/km-20/tool/devkitpro/devkitarm/bin/../lib/gcc/arm-none-eabi/10.1.0/thumb\libgcc.a(_dvmd_tls.o)
                0x0000000002005410                __aeabi_idiv0
                0x0000000002005410                __aeabi_ldiv0
 .text          0x0000000002005414       0xd4 c:/km-20/tool/devkitpro/devkitarm/bin/../lib/gcc/arm-none-eabi/10.1.0/thumb\libgcc.a(_aeabi_ldivmod.o)
                0x0000000002005414                __aeabi_ldivmod
 .text          0x00000000020054e8       0x28 c:/km-20/tool/devkitpro/devkitarm/bin/../lib/gcc/arm-none-eabi/10.1.0/thumb\libgcc.a(_clzdi2.o)
                0x00000000020054e8                __clzdi2
 .text          0x0000000002005510       0x48 c:/km-20/tool/devkitpro/devkitarm/bin/../lib/gcc/arm-none-eabi/10.1.0/thumb\libgcc.a(_clzsi2.o)
                0x0000000002005510                __clzsi2
 .text          0x0000000002005558      0x224 c:/km-20/tool/devkitpro/devkitarm/bin/../lib/gcc/arm-none-eabi/10.1.0/../../../../arm-none-eabi/lib/thumb\libg.a(lib_a-strcmp.o)
                0x0000000002005558                strcmp
 .text          0x000000000200577c       0x14 c:/km-20/tool/devkitpro/devkitarm/bin/../lib/gcc/arm-none-eabi/10.1.0/thumb\libgcc.a(_thumb1_case_uqi.o)
                0x000000000200577c                __gnu_thumb1_case_uqi
 .text          0x0000000002005790       0x14 c:/km-20/tool/devkitpro/devkitarm/bin/../lib/gcc/arm-none-eabi/10.1.0/thumb\libgcc.a(_thumb1_case_uhi.o)
                0x0000000002005790                __gnu_thumb1_case_uhi
 .text          0x00000000020057a4      0x424 c:/km-20/tool/devkitpro/devkitarm/bin/../lib/gcc/arm-none-eabi/10.1.0/thumb\libgcc.a(_arm_addsubdf3.o)
                0x00000000020057a4                __aeabi_drsub
                0x00000000020057ac                __aeabi_dsub
                0x00000000020057ac                __subdf3
                0x00000000020057b0                __aeabi_dadd
                0x00000000020057b0                __adddf3
                0x0000000002005ac0                __floatunsidf
                0x0000000002005ac0                __aeabi_ui2d
                0x0000000002005ae4                __floatsidf
                0x0000000002005ae4                __aeabi_i2d
                0x0000000002005b0c                __aeabi_f2d
                0x0000000002005b0c                __extendsfdf2
                0x0000000002005b54                __floatundidf
                0x0000000002005b54                __aeabi_ul2d
                0x0000000002005b68                __floatdidf
                0x0000000002005b68                __aeabi_l2d
 .text          0x0000000002005bc8      0x49c c:/km-20/tool/devkitpro/devkitarm/bin/../lib/gcc/arm-none-eabi/10.1.0/thumb\libgcc.a(_arm_muldivdf3.o)
                0x0000000002005bc8                __aeabi_dmul
                0x0000000002005bc8                __muldf3
                0x0000000002005e58                __divdf3
                0x0000000002005e58                __aeabi_ddiv
 .text          0x0000000002006064      0x144 c:/km-20/tool/devkitpro/devkitarm/bin/../lib/gcc/arm-none-eabi/10.1.0/thumb\libgcc.a(_arm_cmpdf2.o)
                0x0000000002006064                __gtdf2
                0x0000000002006064                __gedf2
                0x000000000200606c                __ltdf2
                0x000000000200606c                __ledf2
                0x0000000002006074                __nedf2
                0x0000000002006074                __eqdf2
                0x0000000002006074                __cmpdf2
                0x00000000020060fc                __aeabi_cdrcmple
                0x0000000002006118                __aeabi_cdcmpeq
                0x0000000002006118                __aeabi_cdcmple
                0x0000000002006130                __aeabi_dcmpeq
                0x0000000002006148                __aeabi_dcmplt
                0x0000000002006160                __aeabi_dcmple
                0x0000000002006178                __aeabi_dcmpge
                0x0000000002006190                __aeabi_dcmpgt
 .text          0x00000000020061a8       0x38 c:/km-20/tool/devkitpro/devkitarm/bin/../lib/gcc/arm-none-eabi/10.1.0/thumb\libgcc.a(_arm_unorddf2.o)
                0x00000000020061a8                __unorddf2
                0x00000000020061a8                __aeabi_dcmpun
 .text          0x00000000020061e0       0x5c c:/km-20/tool/devkitpro/devkitarm/bin/../lib/gcc/arm-none-eabi/10.1.0/thumb\libgcc.a(_arm_fixdfsi.o)
                0x00000000020061e0                __aeabi_d2iz
                0x00000000020061e0                __fixdfsi
 .text          0x000000000200623c       0x3c c:/km-20/tool/devkitpro/devkitarm/bin/../lib/gcc/arm-none-eabi/10.1.0/thumb\libgcc.a(_aeabi_uldivmod.o)
                0x000000000200623c                __aeabi_uldivmod
 *(EXCLUDE_FILE(*.twl* *.vectors* *.itcm*) .stub)
 *(EXCLUDE_FILE(*.twl* *.vectors* *.itcm*) .text.*)
 .text.deregister_tm_clones
                0x0000000002006278       0x2c c:/km-20/tool/devkitpro/devkitarm/bin/../lib/gcc/arm-none-eabi/10.1.0/thumb/crtbegin.o
 .text.register_tm_clones
                0x00000000020062a4       0x34 c:/km-20/tool/devkitpro/devkitarm/bin/../lib/gcc/arm-none-eabi/10.1.0/thumb/crtbegin.o
 .text.__do_global_dtors_aux
                0x00000000020062d8       0x30 c:/km-20/tool/devkitpro/devkitarm/bin/../lib/gcc/arm-none-eabi/10.1.0/thumb/crtbegin.o
 .text.frame_dummy
                0x0000000002006308       0x28 c:/km-20/tool/devkitpro/devkitarm/bin/../lib/gcc/arm-none-eabi/10.1.0/thumb/crtbegin.o
 .text.nitroFSDirClose
                0x0000000002006330        0x4 C:/KM-20/tool/devkitPro/libnds/lib\libfilesystem.a(nitrofs.o)
 .text.nitroFSSeek
                0x0000000002006334       0x78 C:/KM-20/tool/devkitPro/libnds/lib\libfilesystem.a(nitrofs.o)
 .text.nitroFSFstat
                0x00000000020063ac       0x10 C:/KM-20/tool/devkitPro/libnds/lib\libfilesystem.a(nitrofs.o)
 .text.nitroSubReadBlock
                0x00000000020063bc       0x54 C:/KM-20/tool/devkitPro/libnds/lib\libfilesystem.a(nitrofs.o)
 .text.nitroSubReadCard
                0x0000000002006410       0xb0 C:/KM-20/tool/devkitPro/libnds/lib\libfilesystem.a(nitrofs.o)
 .text.nitroFSClose
                0x00000000020064c0        0x4 C:/KM-20/tool/devkitPro/libnds/lib\libfilesystem.a(nitrofs.o)
 .text.nitroDirReset
                0x00000000020064c4       0x9c C:/KM-20/tool/devkitPro/libnds/lib\libfilesystem.a(nitrofs.o)
 .text.nitroFSRead
                0x0000000002006560       0xbc C:/KM-20/tool/devkitPro/libnds/lib\libfilesystem.a(nitrofs.o)
 .text.nitroFSDirNext
                0x000000000200661c      0x30c C:/KM-20/tool/devkitPro/libnds/lib\libfilesystem.a(nitrofs.o)
 .text.nitroFSDirOpen
                0x0000000002006928       0xe0 C:/KM-20/tool/devkitPro/libnds/lib\libfilesystem.a(nitrofs.o)
 .text.nitroFSChdir
                0x0000000002006a08       0x30 C:/KM-20/tool/devkitPro/libnds/lib\libfilesystem.a(nitrofs.o)
 .text.nitroFSOpen
                0x0000000002006a38       0xc4 C:/KM-20/tool/devkitPro/libnds/lib\libfilesystem.a(nitrofs.o)
 .text.nitroFSstat
                0x0000000002006afc       0x68 C:/KM-20/tool/devkitPro/libnds/lib\libfilesystem.a(nitrofs.o)
 .text.nitroFSInit
                0x0000000002006b64      0x12c C:/KM-20/tool/devkitPro/libnds/lib\libfilesystem.a(nitrofs.o)
                0x0000000002006b64                nitroFSInit
 .text.fatMount.part.0
                0x0000000002006c90       0xa0 C:/KM-20/tool/devkitPro/libnds/lib\libfat.a(libfat.o)
 .text.fatMount
                0x0000000002006d30       0x3c C:/KM-20/tool/devkitPro/libnds/lib\libfat.a(libfat.o)
                0x0000000002006d30                fatMount
 .text.fatInit  0x0000000002006d6c      0x130 C:/KM-20/tool/devkitPro/libnds/lib\libfat.a(libfat.o)
                0x0000000002006d6c                fatInit
 .text.fatInitDefault
                0x0000000002006e9c        0xc C:/KM-20/tool/devkitPro/libnds/lib\libfat.a(libfat.o)
                0x0000000002006e9c                fatInitDefault
 .text._FAT_check_position_for_next_cluster.part.0
                0x0000000002006ea8       0x68 C:/KM-20/tool/devkitPro/libnds/lib\libfat.a(fatfile.o)
 .text._FAT_syncToDisc.part.0
                0x0000000002006f10       0xd4 C:/KM-20/tool/devkitPro/libnds/lib\libfat.a(fatfile.o)
 .text._FAT_file_extend_r
                0x0000000002006fe4      0x208 C:/KM-20/tool/devkitPro/libnds/lib\libfat.a(fatfile.o)
 .text._FAT_open_r
                0x00000000020071ec      0x2d4 C:/KM-20/tool/devkitPro/libnds/lib\libfat.a(fatfile.o)
                0x00000000020071ec                _FAT_open_r
 .text._FAT_close_r
                0x00000000020074c0       0x74 C:/KM-20/tool/devkitPro/libnds/lib\libfat.a(fatfile.o)
                0x00000000020074c0                _FAT_close_r
 .text._FAT_read_r
                0x0000000002007534      0x398 C:/KM-20/tool/devkitPro/libnds/lib\libfat.a(fatfile.o)
                0x0000000002007534                _FAT_read_r
 .text._FAT_write_r
                0x00000000020078cc      0x53c C:/KM-20/tool/devkitPro/libnds/lib\libfat.a(fatfile.o)
                0x00000000020078cc                _FAT_write_r
 .text._FAT_seek_r
                0x0000000002007e08      0x194 C:/KM-20/tool/devkitPro/libnds/lib\libfat.a(fatfile.o)
                0x0000000002007e08                _FAT_seek_r
 .text._FAT_fstat_r
                0x0000000002007f9c       0x8c C:/KM-20/tool/devkitPro/libnds/lib\libfat.a(fatfile.o)
                0x0000000002007f9c                _FAT_fstat_r
 .text._FAT_ftruncate_r
                0x0000000002008028      0x16c C:/KM-20/tool/devkitPro/libnds/lib\libfat.a(fatfile.o)
                0x0000000002008028                _FAT_ftruncate_r
 .text._FAT_fsync_r
                0x0000000002008194       0x44 C:/KM-20/tool/devkitPro/libnds/lib\libfat.a(fatfile.o)
                0x0000000002008194                _FAT_fsync_r
 .text._FAT_cache_getPage
                0x00000000020081d8       0xf0 C:/KM-20/tool/devkitPro/libnds/lib\libfat.a(cache.o)
 .text._FAT_cache_constructor
                0x00000000020082c8       0x90 C:/KM-20/tool/devkitPro/libnds/lib\libfat.a(cache.o)
                0x00000000020082c8                _FAT_cache_constructor
 .text._FAT_cache_readSectors
                0x0000000002008358       0x60 C:/KM-20/tool/devkitPro/libnds/lib\libfat.a(cache.o)
                0x0000000002008358                _FAT_cache_readSectors
 .text._FAT_cache_readPartialSector
                0x00000000020083b8       0x3c C:/KM-20/tool/devkitPro/libnds/lib\libfat.a(cache.o)
                0x00000000020083b8                _FAT_cache_readPartialSector
 .text._FAT_cache_readLittleEndianValue
                0x00000000020083f4       0x70 C:/KM-20/tool/devkitPro/libnds/lib\libfat.a(cache.o)
                0x00000000020083f4                _FAT_cache_readLittleEndianValue
 .text._FAT_cache_writePartialSector
                0x0000000002008464       0x4c C:/KM-20/tool/devkitPro/libnds/lib\libfat.a(cache.o)
                0x0000000002008464                _FAT_cache_writePartialSector
 .text._FAT_cache_writeLittleEndianValue
                0x00000000020084b0       0x8c C:/KM-20/tool/devkitPro/libnds/lib\libfat.a(cache.o)
                0x00000000020084b0                _FAT_cache_writeLittleEndianValue
 .text._FAT_cache_eraseWritePartialSector
                0x000000000200853c       0x60 C:/KM-20/tool/devkitPro/libnds/lib\libfat.a(cache.o)
                0x000000000200853c                _FAT_cache_eraseWritePartialSector
 .text._FAT_cache_writeSectors
                0x000000000200859c       0x80 C:/KM-20/tool/devkitPro/libnds/lib\libfat.a(cache.o)
                0x000000000200859c                _FAT_cache_writeSectors
 .text._FAT_cache_flush
                0x000000000200861c       0x40 C:/KM-20/tool/devkitPro/libnds/lib\libfat.a(cache.o)
                0x000000000200861c                _FAT_cache_flush
 .text._FAT_stat_r
                0x000000000200865c       0x90 C:/KM-20/tool/devkitPro/libnds/lib\libfat.a(fatdir.o)
                0x000000000200865c                _FAT_stat_r
 .text._FAT_link_r
                0x00000000020086ec        0xc C:/KM-20/tool/devkitPro/libnds/lib\libfat.a(fatdir.o)
                0x00000000020086ec                _FAT_link_r
 .text._FAT_unlink_r
                0x00000000020086f8      0x184 C:/KM-20/tool/devkitPro/libnds/lib\libfat.a(fatdir.o)
                0x00000000020086f8                _FAT_unlink_r
 .text._FAT_chdir_r
                0x000000000200887c       0x70 C:/KM-20/tool/devkitPro/libnds/lib\libfat.a(fatdir.o)
                0x000000000200887c                _FAT_chdir_r
 .text._FAT_rename_r
                0x00000000020088ec      0x1c4 C:/KM-20/tool/devkitPro/libnds/lib\libfat.a(fatdir.o)
                0x00000000020088ec                _FAT_rename_r
 .text._FAT_mkdir_r
                0x0000000002008ab0      0x244 C:/KM-20/tool/devkitPro/libnds/lib\libfat.a(fatdir.o)
                0x0000000002008ab0                _FAT_mkdir_r
 .text._FAT_statvfs_r
                0x0000000002008cf4       0x78 C:/KM-20/tool/devkitPro/libnds/lib\libfat.a(fatdir.o)
                0x0000000002008cf4                _FAT_statvfs_r
 .text._FAT_diropen_r
                0x0000000002008d6c       0xb0 C:/KM-20/tool/devkitPro/libnds/lib\libfat.a(fatdir.o)
                0x0000000002008d6c                _FAT_diropen_r
 .text._FAT_dirreset_r
                0x0000000002008e1c       0x4c C:/KM-20/tool/devkitPro/libnds/lib\libfat.a(fatdir.o)
                0x0000000002008e1c                _FAT_dirreset_r
 .text._FAT_dirnext_r
                0x0000000002008e68       0x7c C:/KM-20/tool/devkitPro/libnds/lib\libfat.a(fatdir.o)
                0x0000000002008e68                _FAT_dirnext_r
 .text._FAT_dirclose_r
                0x0000000002008ee4       0x20 C:/KM-20/tool/devkitPro/libnds/lib\libfat.a(fatdir.o)
                0x0000000002008ee4                _FAT_dirclose_r
 .text._FAT_directory_entryGetAlias
                0x0000000002008f04       0xc8 C:/KM-20/tool/devkitPro/libnds/lib\libfat.a(directory.o)
 .text._FAT_directory_incrementDirEntryPosition
                0x0000000002008fcc       0x80 C:/KM-20/tool/devkitPro/libnds/lib\libfat.a(directory.o)
 .text._FAT_directory_mbsncasecmp
                0x000000000200904c       0xa8 C:/KM-20/tool/devkitPro/libnds/lib\libfat.a(directory.o)
 .text._FAT_directory_ucs2tombs.constprop.0
                0x00000000020090f4       0x90 C:/KM-20/tool/devkitPro/libnds/lib\libfat.a(directory.o)
 .text._FAT_directory_entryGetCluster
                0x0000000002009184       0x20 C:/KM-20/tool/devkitPro/libnds/lib\libfat.a(directory.o)
                0x0000000002009184                _FAT_directory_entryGetCluster
 .text._FAT_directory_getNextEntry
                0x00000000020091a4      0x23c C:/KM-20/tool/devkitPro/libnds/lib\libfat.a(directory.o)
                0x00000000020091a4                _FAT_directory_getNextEntry
 .text._FAT_directory_entryExists
                0x00000000020093e0       0x80 C:/KM-20/tool/devkitPro/libnds/lib\libfat.a(directory.o)
 .text._FAT_directory_getFirstEntry
                0x0000000002009460       0x20 C:/KM-20/tool/devkitPro/libnds/lib\libfat.a(directory.o)
                0x0000000002009460                _FAT_directory_getFirstEntry
 .text._FAT_directory_getRootEntry
                0x0000000002009480       0x60 C:/KM-20/tool/devkitPro/libnds/lib\libfat.a(directory.o)
                0x0000000002009480                _FAT_directory_getRootEntry
 .text._FAT_directory_entryFromPosition
                0x00000000020094e0      0x150 C:/KM-20/tool/devkitPro/libnds/lib\libfat.a(directory.o)
                0x00000000020094e0                _FAT_directory_entryFromPosition
 .text._FAT_directory_entryFromPath
                0x0000000002009630      0x248 C:/KM-20/tool/devkitPro/libnds/lib\libfat.a(directory.o)
                0x0000000002009630                _FAT_directory_entryFromPath
 .text._FAT_directory_removeEntry
                0x0000000002009878       0xd8 C:/KM-20/tool/devkitPro/libnds/lib\libfat.a(directory.o)
                0x0000000002009878                _FAT_directory_removeEntry
 .text._FAT_directory_addEntry
                0x0000000002009950      0x808 C:/KM-20/tool/devkitPro/libnds/lib\libfat.a(directory.o)
                0x0000000002009950                _FAT_directory_addEntry
 .text._FAT_directory_chdir
                0x000000000200a158       0x3c C:/KM-20/tool/devkitPro/libnds/lib\libfat.a(directory.o)
                0x000000000200a158                _FAT_directory_chdir
 .text._FAT_directory_entryStat
                0x000000000200a194       0xe4 C:/KM-20/tool/devkitPro/libnds/lib\libfat.a(directory.o)
                0x000000000200a194                _FAT_directory_entryStat
 .text.isValidMBR
                0x000000000200a278       0x5c C:/KM-20/tool/devkitPro/libnds/lib\libfat.a(partition.o)
 .text._FAT_updateFS_INFO
                0x000000000200a2d4       0x54 C:/KM-20/tool/devkitPro/libnds/lib\libfat.a(partition.o)
 .text.FindFirstValidPartition_buf.part.0
                0x000000000200a328      0x11c C:/KM-20/tool/devkitPro/libnds/lib\libfat.a(partition.o)
 .text._FAT_partition_getPartitionFromPath
                0x000000000200a444       0x10 C:/KM-20/tool/devkitPro/libnds/lib\libfat.a(partition.o)
                0x000000000200a444                _FAT_partition_getPartitionFromPath
 .text._FAT_partition_createFSinfo
                0x000000000200a454       0x50 C:/KM-20/tool/devkitPro/libnds/lib\libfat.a(partition.o)
                0x000000000200a454                _FAT_partition_createFSinfo
 .text._FAT_partition_readFSinfo.part.0
                0x000000000200a4a4       0x74 C:/KM-20/tool/devkitPro/libnds/lib\libfat.a(partition.o)
 .text._FAT_partition_constructor_buf
                0x000000000200a518      0x2e8 C:/KM-20/tool/devkitPro/libnds/lib\libfat.a(partition.o)
                0x000000000200a518                _FAT_partition_constructor_buf
 .text._FAT_partition_constructor
                0x000000000200a800       0x40 C:/KM-20/tool/devkitPro/libnds/lib\libfat.a(partition.o)
                0x000000000200a800                _FAT_partition_constructor
 .text._FAT_partition_readFSinfo
                0x000000000200a840       0x10 C:/KM-20/tool/devkitPro/libnds/lib\libfat.a(partition.o)
                0x000000000200a840                _FAT_partition_readFSinfo
 .text._FAT_lock_init
                0x000000000200a850        0x4 C:/KM-20/tool/devkitPro/libnds/lib\libfat.a(lock.o)
                0x000000000200a850                _FAT_lock_init
 .text._FAT_lock
                0x000000000200a854        0x4 C:/KM-20/tool/devkitPro/libnds/lib\libfat.a(lock.o)
                0x000000000200a854                _FAT_lock
 .text._FAT_unlock
                0x000000000200a858        0x4 C:/KM-20/tool/devkitPro/libnds/lib\libfat.a(lock.o)
                0x000000000200a858                _FAT_unlock
 .text._FAT_filetime_getTimeFromRTC
                0x000000000200a85c       0x44 C:/KM-20/tool/devkitPro/libnds/lib\libfat.a(filetime.o)
                0x000000000200a85c                _FAT_filetime_getTimeFromRTC
 .text._FAT_filetime_getDateFromRTC
                0x000000000200a8a0       0x44 C:/KM-20/tool/devkitPro/libnds/lib\libfat.a(filetime.o)
                0x000000000200a8a0                _FAT_filetime_getDateFromRTC
 .text._FAT_filetime_to_time_t
                0x000000000200a8e4       0x38 C:/KM-20/tool/devkitPro/libnds/lib\libfat.a(filetime.o)
                0x000000000200a8e4                _FAT_filetime_to_time_t
 .text._FAT_fat_writeFatEntry.part.0.isra.0
                0x000000000200a91c      0x12c C:/KM-20/tool/devkitPro/libnds/lib\libfat.a(file_allocation_table.o)
 .text._FAT_fat_nextCluster
                0x000000000200aa48      0x108 C:/KM-20/tool/devkitPro/libnds/lib\libfat.a(file_allocation_table.o)
                0x000000000200aa48                _FAT_fat_nextCluster
 .text._FAT_fat_linkFreeCluster
                0x000000000200ab50       0xac C:/KM-20/tool/devkitPro/libnds/lib\libfat.a(file_allocation_table.o)
                0x000000000200ab50                _FAT_fat_linkFreeCluster
 .text._FAT_fat_linkFreeClusterCleared
                0x000000000200abfc       0x68 C:/KM-20/tool/devkitPro/libnds/lib\libfat.a(file_allocation_table.o)
                0x000000000200abfc                _FAT_fat_linkFreeClusterCleared
 .text._FAT_fat_clearLinks
                0x000000000200ac64       0x7c C:/KM-20/tool/devkitPro/libnds/lib\libfat.a(file_allocation_table.o)
                0x000000000200ac64                _FAT_fat_clearLinks
 .text._FAT_fat_trimChain
                0x000000000200ace0       0x80 C:/KM-20/tool/devkitPro/libnds/lib\libfat.a(file_allocation_table.o)
                0x000000000200ace0                _FAT_fat_trimChain
 .text._FAT_fat_lastCluster
                0x000000000200ad60       0x34 C:/KM-20/tool/devkitPro/libnds/lib\libfat.a(file_allocation_table.o)
                0x000000000200ad60                _FAT_fat_lastCluster
 .text._FAT_fat_freeClusterCount
                0x000000000200ad94       0x2c C:/KM-20/tool/devkitPro/libnds/lib\libfat.a(file_allocation_table.o)
                0x000000000200ad94                _FAT_fat_freeClusterCount
 .text.checkIfText
                0x000000000200adc0       0x5c C:/KM-20/tool/devkitPro/libnds/lib\libnds9.a(background.o)
                0x000000000200adc0                checkIfText
 .text.bgUpdate
                0x000000000200ae1c       0xf4 C:/KM-20/tool/devkitPro/libnds/lib\libnds9.a(background.o)
                0x000000000200ae1c                bgUpdate
 .text.bgInit_call
                0x000000000200af10       0xc4 C:/KM-20/tool/devkitPro/libnds/lib\libnds9.a(background.o)
                0x000000000200af10                bgInit_call
 .text.bgInitSub_call
                0x000000000200afd4       0xcc C:/KM-20/tool/devkitPro/libnds/lib\libnds9.a(background.o)
                0x000000000200afd4                bgInitSub_call
 .text.__sassert
                0x000000000200b0a0       0x38 C:/KM-20/tool/devkitPro/libnds/lib\libnds9.a(sassert.o)
                0x000000000200b0a0                __sassert
 .text.newRow   0x000000000200b0d8       0xb0 C:/KM-20/tool/devkitPro/libnds/lib\libnds9.a(console.o)
 .text.nocash_write
                0x000000000200b188       0x10 C:/KM-20/tool/devkitPro/libnds/lib\libnds9.a(console.o)
                0x000000000200b188                nocash_write
 .text.consoleDebugInit
                0x000000000200b198       0x50 C:/KM-20/tool/devkitPro/libnds/lib\libnds9.a(console.o)
                0x000000000200b198                consoleDebugInit
 .text.consolePrintChar
                0x000000000200b1e8       0xec C:/KM-20/tool/devkitPro/libnds/lib\libnds9.a(console.o)
                0x000000000200b1e8                consolePrintChar
 .text.con_write
                0x000000000200b2d4      0x374 C:/KM-20/tool/devkitPro/libnds/lib\libnds9.a(console.o)
                0x000000000200b2d4                con_write
 .text.consoleLoadFont
                0x000000000200b648      0x2a8 C:/KM-20/tool/devkitPro/libnds/lib\libnds9.a(console.o)
                0x000000000200b648                consoleLoadFont
 .text.consoleInit
                0x000000000200b8f0      0x194 C:/KM-20/tool/devkitPro/libnds/lib\libnds9.a(console.o)
                0x000000000200b8f0                consoleInit
 .text.consoleDemoInit
                0x000000000200ba84       0x40 C:/KM-20/tool/devkitPro/libnds/lib\libnds9.a(console.o)
                0x000000000200ba84                consoleDemoInit
 .text.sinLutLookup
                0x000000000200bac4       0x38 C:/KM-20/tool/devkitPro/libnds/lib\libnds9.a(trig.o)
                0x000000000200bac4                sinLutLookup
 .text.sinLerp  0x000000000200bafc       0x40 C:/KM-20/tool/devkitPro/libnds/lib\libnds9.a(trig.o)
                0x000000000200bafc                sinLerp
 .text.cosLerp  0x000000000200bb3c       0x4c C:/KM-20/tool/devkitPro/libnds/lib\libnds9.a(trig.o)
                0x000000000200bb3c                cosLerp
 .text.scanKeys
                0x000000000200bb88       0x8c C:/KM-20/tool/devkitPro/libnds/lib\libnds9.a(keys.o)
                0x000000000200bb88                scanKeys
 .text.keysDown
                0x000000000200bc14       0x14 C:/KM-20/tool/devkitPro/libnds/lib\libnds9.a(keys.o)
                0x000000000200bc14                keysDown
 .text.dldiGetInternal
                0x000000000200bc28       0x34 C:/KM-20/tool/devkitPro/libnds/lib\libnds9.a(dldi.o)
                0x000000000200bc28                dldiGetInternal
 .text.get_io_dsisd
                0x000000000200bc5c       0x24 C:/KM-20/tool/devkitPro/libnds/lib\libnds9.a(dldi.o)
                0x000000000200bc5c                get_io_dsisd
 .text.initSystem
                0x000000000200bc80      0x198 C:/KM-20/tool/devkitPro/libnds/lib\libnds9.a(initSystem.o)
                0x000000000200bc80                initSystem
 .text.__libnds_gtod
                0x000000000200be18       0x28 C:/KM-20/tool/devkitPro/libnds/lib\libnds9.a(timeSupport.o)
                0x000000000200be18                __libnds_gtod
 .text.irqDummy
                0x000000000200be40        0x4 C:/KM-20/tool/devkitPro/libnds/lib\libnds9.a(interrupts.o)
                0x000000000200be40                irqDummy
 .text.irqSet   0x000000000200be44       0x6c C:/KM-20/tool/devkitPro/libnds/lib\libnds9.a(interrupts.o)
                0x000000000200be44                irqSet
 .text.irqInit  0x000000000200beb0       0x50 C:/KM-20/tool/devkitPro/libnds/lib\libnds9.a(interrupts.o)
                0x000000000200beb0                irqInit
 .text.irqEnable
                0x000000000200bf00       0x64 C:/KM-20/tool/devkitPro/libnds/lib\libnds9.a(interrupts.o)
                0x000000000200bf00                irqEnable
 .text.systemErrorExit
                0x000000000200bf64        0x4 C:/KM-20/tool/devkitPro/libnds/lib\libnds9.a(libnds_exit.arm.o)
                0x000000000200bf64                systemErrorExit
 .text.__libnds_exit
                0x000000000200bf68       0x5c C:/KM-20/tool/devkitPro/libnds/lib\libnds9.a(libnds_exit.arm.o)
                0x000000000200bf68                __libnds_exit
 .text.cardPolledTransfer
                0x000000000200bfc4       0x54 C:/KM-20/tool/devkitPro/libnds/lib\libnds9.a(card.o)
                0x000000000200bfc4                cardPolledTransfer
 .text.cardParamCommand
                0x000000000200c018       0x34 C:/KM-20/tool/devkitPro/libnds/lib\libnds9.a(card.o)
                0x000000000200c018                cardParamCommand
 .text.fifo_queueBlock
                0x000000000200c04c       0x44 C:/KM-20/tool/devkitPro/libnds/lib\libnds9.a(fifosystem.o)
 .text.fifo_waitBlock
                0x000000000200c090       0x80 C:/KM-20/tool/devkitPro/libnds/lib\libnds9.a(fifosystem.o)
 .text.fifoInternalSend.part.0
                0x000000000200c110       0xd4 C:/KM-20/tool/devkitPro/libnds/lib\libnds9.a(fifosystem.o)
 .text.fifoInternalSendInterrupt
                0x000000000200c1e4       0xa8 C:/KM-20/tool/devkitPro/libnds/lib\libnds9.a(fifosystem.o)
 .text.fifoSetValue32Handler
                0x000000000200c28c       0xd8 C:/KM-20/tool/devkitPro/libnds/lib\libnds9.a(fifosystem.o)
                0x000000000200c28c                fifoSetValue32Handler
 .text.fifoSendValue32
                0x000000000200c364       0x4c C:/KM-20/tool/devkitPro/libnds/lib\libnds9.a(fifosystem.o)
                0x000000000200c364                fifoSendValue32
 .text.fifoSendDatamsg
                0x000000000200c3b0       0x90 C:/KM-20/tool/devkitPro/libnds/lib\libnds9.a(fifosystem.o)
                0x000000000200c3b0                fifoSendDatamsg
 .text.fifoGetValue32
                0x000000000200c440       0x70 C:/KM-20/tool/devkitPro/libnds/lib\libnds9.a(fifosystem.o)
                0x000000000200c440                fifoGetValue32
 .text.fifoGetDatamsg
                0x000000000200c4b0       0xf4 C:/KM-20/tool/devkitPro/libnds/lib\libnds9.a(fifosystem.o)
                0x000000000200c4b0                fifoGetDatamsg
 .text.fifoInternalRecvInterrupt
                0x000000000200c5a4      0x380 C:/KM-20/tool/devkitPro/libnds/lib\libnds9.a(fifosystem.o)
 .text.fifoSetDatamsgHandler
                0x000000000200c924       0x9c C:/KM-20/tool/devkitPro/libnds/lib\libnds9.a(fifosystem.o)
                0x000000000200c924                fifoSetDatamsgHandler
 .text.fifoCheckValue32
                0x000000000200c9c0       0x24 C:/KM-20/tool/devkitPro/libnds/lib\libnds9.a(fifosystem.o)
                0x000000000200c9c0                fifoCheckValue32
 .text.fifoInit
                0x000000000200c9e4       0xf8 C:/KM-20/tool/devkitPro/libnds/lib\libnds9.a(fifosystem.o)
                0x000000000200c9e4                fifoInit
 .text.__libnds_mpu_setup
                0x000000000200cadc      0x174 C:/KM-20/tool/devkitPro/libnds/lib\libnds9.a(mpu_setup.o)
                0x000000000200cadc                __libnds_mpu_setup
 .text.memUncached
                0x000000000200cc50       0x20 C:/KM-20/tool/devkitPro/libnds/lib\libnds9.a(mpu_setup.o)
                0x000000000200cc50                memUncached
 .text.swiWaitForVBlank
                0x000000000200cc70        0x8 C:/KM-20/tool/devkitPro/libnds/lib\libnds9.a(IntrWait.o)
                0x000000000200cc70                swiWaitForVBlank
 .text.swiIntrWait
                0x000000000200cc78       0x70 C:/KM-20/tool/devkitPro/libnds/lib\libnds9.a(IntrWait.o)
                0x000000000200cc78                swiIntrWait
 .text.setCpuClock
                0x000000000200cce8       0x50 C:/KM-20/tool/devkitPro/libnds/lib\libnds9.a(cpu_clock.o)
                0x000000000200cce8                setCpuClock
 .text.swiSoftReset
                0x000000000200cd38       0x2c C:/KM-20/tool/devkitPro/libnds/lib\libnds9.a(swiSoftReset.o)
                0x000000000200cd38                swiSoftReset
 .text.swiDelay
                0x000000000200cd64        0x4 C:/KM-20/tool/devkitPro/libnds/lib\libnds9.a(biosCalls.o)
                0x000000000200cd64                swiDelay
 .text.vramDefault
                0x000000000200cd68       0xd0 C:/KM-20/tool/devkitPro/libnds/lib\libnds9.a(video.o)
                0x000000000200cd68                vramDefault
 .text.systemValueHandler
                0x000000000200ce38       0x48 C:/KM-20/tool/devkitPro/libnds/lib\libnds9.a(system.o)
                0x000000000200ce38                systemValueHandler
 .text.systemMsgHandler
                0x000000000200ce80       0x60 C:/KM-20/tool/devkitPro/libnds/lib\libnds9.a(system.o)
                0x000000000200ce80                systemMsgHandler
 .text.powerOn  0x000000000200cee0       0x2c C:/KM-20/tool/devkitPro/libnds/lib\libnds9.a(system.o)
                0x000000000200cee0                powerOn
 .text.DC_FlushRange
                0x000000000200cf0c       0x24 C:/KM-20/tool/devkitPro/libnds/lib\libnds9.a(dcache.o)
                0x000000000200cf0c                DC_FlushRange
 .text.__muldi3
                0x000000000200cf30       0x54 c:/km-20/tool/devkitpro/devkitarm/bin/../lib/gcc/arm-none-eabi/10.1.0/thumb\libgcc.a(_muldi3.o)
                0x000000000200cf30                __muldi3
                0x000000000200cf30                __aeabi_lmul
 .text.__udivmoddi4
                0x000000000200cf84      0x19c c:/km-20/tool/devkitpro/devkitarm/bin/../lib/gcc/arm-none-eabi/10.1.0/thumb\libgcc.a(_udivmoddi4.o)
                0x000000000200cf84                __udivmoddi4
 .text.calloc   0x000000000200d120       0x18 c:/km-20/tool/devkitpro/devkitarm/bin/../lib/gcc/arm-none-eabi/10.1.0/../../../../arm-none-eabi/lib/thumb\libg.a(lib_a-calloc.o)
                0x000000000200d120                calloc
 .text._calloc_r
                0x000000000200d138       0x60 c:/km-20/tool/devkitpro/devkitarm/bin/../lib/gcc/arm-none-eabi/10.1.0/../../../../arm-none-eabi/lib/thumb\libg.a(lib_a-callocr.o)
                0x000000000200d138                _calloc_r
 .text._fclose_r
                0x000000000200d198       0xe8 c:/km-20/tool/devkitpro/devkitarm/bin/../lib/gcc/arm-none-eabi/10.1.0/../../../../arm-none-eabi/lib/thumb\libg.a(lib_a-fclose.o)
                0x000000000200d198                _fclose_r
 .text.fclose   0x000000000200d280       0x14 c:/km-20/tool/devkitpro/devkitarm/bin/../lib/gcc/arm-none-eabi/10.1.0/../../../../arm-none-eabi/lib/thumb\libg.a(lib_a-fclose.o)
                0x000000000200d280                fclose
 .text.__sflush_r
                0x000000000200d294      0x1c0 c:/km-20/tool/devkitpro/devkitarm/bin/../lib/gcc/arm-none-eabi/10.1.0/../../../../arm-none-eabi/lib/thumb\libg.a(lib_a-fflush.o)
                0x000000000200d294                __sflush_r
 .text._fflush_r
                0x000000000200d454       0x70 c:/km-20/tool/devkitpro/devkitarm/bin/../lib/gcc/arm-none-eabi/10.1.0/../../../../arm-none-eabi/lib/thumb\libg.a(lib_a-fflush.o)
                0x000000000200d454                _fflush_r
 .text.fflush   0x000000000200d4c4       0x2c c:/km-20/tool/devkitpro/devkitarm/bin/../lib/gcc/arm-none-eabi/10.1.0/../../../../arm-none-eabi/lib/thumb\libg.a(lib_a-fflush.o)
                0x000000000200d4c4                fflush
 .text._cleanup_r
                0x000000000200d4f0       0x14 c:/km-20/tool/devkitpro/devkitarm/bin/../lib/gcc/arm-none-eabi/10.1.0/../../../../arm-none-eabi/lib/thumb\libg.a(lib_a-findfp.o)
                0x000000000200d4f0                _cleanup_r
 .text.__sinit  0x000000000200d504      0x124 c:/km-20/tool/devkitpro/devkitarm/bin/../lib/gcc/arm-none-eabi/10.1.0/../../../../arm-none-eabi/lib/thumb\libg.a(lib_a-findfp.o)
                0x000000000200d504                __sinit
 .text.__sfp    0x000000000200d628       0xdc c:/km-20/tool/devkitpro/devkitarm/bin/../lib/gcc/arm-none-eabi/10.1.0/../../../../arm-none-eabi/lib/thumb\libg.a(lib_a-findfp.o)
                0x000000000200d628                __sfp
 .text.__sfp_lock_acquire
                0x000000000200d704       0x14 c:/km-20/tool/devkitpro/devkitarm/bin/../lib/gcc/arm-none-eabi/10.1.0/../../../../arm-none-eabi/lib/thumb\libg.a(lib_a-findfp.o)
                0x000000000200d704                __sfp_lock_acquire
 .text.__sfp_lock_release
                0x000000000200d718       0x14 c:/km-20/tool/devkitpro/devkitarm/bin/../lib/gcc/arm-none-eabi/10.1.0/../../../../arm-none-eabi/lib/thumb\libg.a(lib_a-findfp.o)
                0x000000000200d718                __sfp_lock_release
 .text._fopen_r
                0x000000000200d72c       0xb8 c:/km-20/tool/devkitpro/devkitarm/bin/../lib/gcc/arm-none-eabi/10.1.0/../../../../arm-none-eabi/lib/thumb\libg.a(lib_a-fopen.o)
                0x000000000200d72c                _fopen_r
 .text.fopen    0x000000000200d7e4       0x18 c:/km-20/tool/devkitpro/devkitarm/bin/../lib/gcc/arm-none-eabi/10.1.0/../../../../arm-none-eabi/lib/thumb\libg.a(lib_a-fopen.o)
                0x000000000200d7e4                fopen
 .text._fread_r
                0x000000000200d7fc      0x1f0 c:/km-20/tool/devkitpro/devkitarm/bin/../lib/gcc/arm-none-eabi/10.1.0/../../../../arm-none-eabi/lib/thumb\libg.a(lib_a-fread.o)
                0x000000000200d7fc                _fread_r
 .text.fread    0x000000000200d9ec       0x24 c:/km-20/tool/devkitpro/devkitarm/bin/../lib/gcc/arm-none-eabi/10.1.0/../../../../arm-none-eabi/lib/thumb\libg.a(lib_a-fread.o)
                0x000000000200d9ec                fread
 .text._malloc_trim_r
                0x000000000200da10       0xa0 c:/km-20/tool/devkitpro/devkitarm/bin/../lib/gcc/arm-none-eabi/10.1.0/../../../../arm-none-eabi/lib/thumb\libg.a(lib_a-freer.o)
                0x000000000200da10                _malloc_trim_r
 .text._free_r  0x000000000200dab0      0x1e0 c:/km-20/tool/devkitpro/devkitarm/bin/../lib/gcc/arm-none-eabi/10.1.0/../../../../arm-none-eabi/lib/thumb\libg.a(lib_a-freer.o)
                0x000000000200dab0                _free_r
 .text._fseek_r
                0x000000000200dc90       0x18 c:/km-20/tool/devkitpro/devkitarm/bin/../lib/gcc/arm-none-eabi/10.1.0/../../../../arm-none-eabi/lib/thumb\libg.a(lib_a-fseek.o)
                0x000000000200dc90                _fseek_r
 .text.fseek    0x000000000200dca8       0x24 c:/km-20/tool/devkitpro/devkitarm/bin/../lib/gcc/arm-none-eabi/10.1.0/../../../../arm-none-eabi/lib/thumb\libg.a(lib_a-fseek.o)
                0x000000000200dca8                fseek
 .text._fseeko_r
                0x000000000200dccc      0x39c c:/km-20/tool/devkitpro/devkitarm/bin/../lib/gcc/arm-none-eabi/10.1.0/../../../../arm-none-eabi/lib/thumb\libg.a(lib_a-fseeko.o)
                0x000000000200dccc                _fseeko_r
 .text._ftello_r
                0x000000000200e068      0x118 c:/km-20/tool/devkitpro/devkitarm/bin/../lib/gcc/arm-none-eabi/10.1.0/../../../../arm-none-eabi/lib/thumb\libg.a(lib_a-ftello.o)
                0x000000000200e068                _ftello_r
 .text._fwalk   0x000000000200e180       0x48 c:/km-20/tool/devkitpro/devkitarm/bin/../lib/gcc/arm-none-eabi/10.1.0/../../../../arm-none-eabi/lib/thumb\libg.a(lib_a-fwalk.o)
                0x000000000200e180                _fwalk
 .text._fwalk_reent
                0x000000000200e1c8       0x50 c:/km-20/tool/devkitpro/devkitarm/bin/../lib/gcc/arm-none-eabi/10.1.0/../../../../arm-none-eabi/lib/thumb\libg.a(lib_a-fwalk.o)
                0x000000000200e1c8                _fwalk_reent
 .text.__libc_init_array
                0x000000000200e218       0x50 c:/km-20/tool/devkitpro/devkitarm/bin/../lib/gcc/arm-none-eabi/10.1.0/../../../../arm-none-eabi/lib/thumb\libg.a(lib_a-init.o)
                0x000000000200e218                __libc_init_array
 .text.iprintf  0x000000000200e268       0x24 c:/km-20/tool/devkitpro/devkitarm/bin/../lib/gcc/arm-none-eabi/10.1.0/../../../../arm-none-eabi/lib/thumb\libg.a(lib_a-iprintf.o)
                0x000000000200e268                iprintf
 .text.localtime_r
                0x000000000200e28c      0x244 c:/km-20/tool/devkitpro/devkitarm/bin/../lib/gcc/arm-none-eabi/10.1.0/../../../../arm-none-eabi/lib/thumb\libg.a(lib_a-lcltime_r.o)
                0x000000000200e28c                localtime_r
 .text.__locale_mb_cur_max
                0x000000000200e4d0       0x10 c:/km-20/tool/devkitpro/devkitarm/bin/../lib/gcc/arm-none-eabi/10.1.0/../../../../arm-none-eabi/lib/thumb\libg.a(lib_a-locale.o)
                0x000000000200e4d0                __locale_mb_cur_max
 .text.__smakebuf_r
                0x000000000200e4e0       0xec c:/km-20/tool/devkitpro/devkitarm/bin/../lib/gcc/arm-none-eabi/10.1.0/../../../../arm-none-eabi/lib/thumb\libg.a(lib_a-makebuf.o)
                0x000000000200e4e0                __smakebuf_r
 .text.__swhatbuf_r
                0x000000000200e5cc       0x64 c:/km-20/tool/devkitpro/devkitarm/bin/../lib/gcc/arm-none-eabi/10.1.0/../../../../arm-none-eabi/lib/thumb\libg.a(lib_a-makebuf.o)
                0x000000000200e5cc                __swhatbuf_r
 .text.malloc   0x000000000200e630       0x14 c:/km-20/tool/devkitpro/devkitarm/bin/../lib/gcc/arm-none-eabi/10.1.0/../../../../arm-none-eabi/lib/thumb\libg.a(lib_a-malloc.o)
                0x000000000200e630                malloc
 .text.free     0x000000000200e644       0x14 c:/km-20/tool/devkitpro/devkitarm/bin/../lib/gcc/arm-none-eabi/10.1.0/../../../../arm-none-eabi/lib/thumb\libg.a(lib_a-malloc.o)
                0x000000000200e644                free
 .text._malloc_r
                0x000000000200e658      0x59c c:/km-20/tool/devkitpro/devkitarm/bin/../lib/gcc/arm-none-eabi/10.1.0/../../../../arm-none-eabi/lib/thumb\libg.a(lib_a-mallocr.o)
                0x000000000200e658                _malloc_r
 .text._mbrtowc_r
                0x000000000200ebf4       0x60 c:/km-20/tool/devkitpro/devkitarm/bin/../lib/gcc/arm-none-eabi/10.1.0/../../../../arm-none-eabi/lib/thumb\libg.a(lib_a-mbrtowc.o)
                0x000000000200ebf4                _mbrtowc_r
 .text.mbrtowc  0x000000000200ec54       0x80 c:/km-20/tool/devkitpro/devkitarm/bin/../lib/gcc/arm-none-eabi/10.1.0/../../../../arm-none-eabi/lib/thumb\libg.a(lib_a-mbrtowc.o)
                0x000000000200ec54                mbrtowc
 .text.mbsrtowcs
                0x000000000200ecd4       0x28 c:/km-20/tool/devkitpro/devkitarm/bin/../lib/gcc/arm-none-eabi/10.1.0/../../../../arm-none-eabi/lib/thumb\libg.a(lib_a-mbsrtowcs.o)
                0x000000000200ecd4                mbsrtowcs
 .text.__utf8_mbtowc
                0x000000000200ecfc      0x280 c:/km-20/tool/devkitpro/devkitarm/bin/../lib/gcc/arm-none-eabi/10.1.0/../../../../arm-none-eabi/lib/thumb\libg.a(lib_a-mbtowc_r.o)
                0x000000000200ecfc                __utf8_mbtowc
 .text.memcmp   0x000000000200ef7c       0x4c c:/km-20/tool/devkitpro/devkitarm/bin/../lib/gcc/arm-none-eabi/10.1.0/../../../../arm-none-eabi/lib/thumb\libg.a(lib_a-memcmp.o)
                0x000000000200ef7c                memcmp
 .text.memcpy   0x000000000200efc8       0xa8 c:/km-20/tool/devkitpro/devkitarm/bin/../lib/gcc/arm-none-eabi/10.1.0/../../../../arm-none-eabi/lib/thumb\libg.a(lib_a-memcpy-stub.o)
                0x000000000200efc8                memcpy
 .text.memmove  0x000000000200f070       0xbc c:/km-20/tool/devkitpro/devkitarm/bin/../lib/gcc/arm-none-eabi/10.1.0/../../../../arm-none-eabi/lib/thumb\libg.a(lib_a-memmove.o)
                0x000000000200f070                memmove
 .text.memset   0x000000000200f12c       0xb0 c:/km-20/tool/devkitpro/devkitarm/bin/../lib/gcc/arm-none-eabi/10.1.0/../../../../arm-none-eabi/lib/thumb\libg.a(lib_a-memset.o)
                0x000000000200f12c                memset
 .text.validate_structure
                0x000000000200f1dc      0x1e8 c:/km-20/tool/devkitpro/devkitarm/bin/../lib/gcc/arm-none-eabi/10.1.0/../../../../arm-none-eabi/lib/thumb\libg.a(lib_a-mktime.o)
 .text.mktime   0x000000000200f3c4      0x450 c:/km-20/tool/devkitpro/devkitarm/bin/../lib/gcc/arm-none-eabi/10.1.0/../../../../arm-none-eabi/lib/thumb\libg.a(lib_a-mktime.o)
                0x000000000200f3c4                mktime
 .text.__malloc_lock
                0x000000000200f814       0x14 c:/km-20/tool/devkitpro/devkitarm/bin/../lib/gcc/arm-none-eabi/10.1.0/../../../../arm-none-eabi/lib/thumb\libg.a(lib_a-mlock.o)
                0x000000000200f814                __malloc_lock
 .text.__malloc_unlock
                0x000000000200f828       0x14 c:/km-20/tool/devkitpro/devkitarm/bin/../lib/gcc/arm-none-eabi/10.1.0/../../../../arm-none-eabi/lib/thumb\libg.a(lib_a-mlock.o)
                0x000000000200f828                __malloc_unlock
 .text.lflush   0x000000000200f83c       0x20 c:/km-20/tool/devkitpro/devkitarm/bin/../lib/gcc/arm-none-eabi/10.1.0/../../../../arm-none-eabi/lib/thumb\libg.a(lib_a-refill.o)
 .text.__srefill_r
                0x000000000200f85c      0x118 c:/km-20/tool/devkitpro/devkitarm/bin/../lib/gcc/arm-none-eabi/10.1.0/../../../../arm-none-eabi/lib/thumb\libg.a(lib_a-refill.o)
                0x000000000200f85c                __srefill_r
 .text.setvbuf  0x000000000200f974      0x1ac c:/km-20/tool/devkitpro/devkitarm/bin/../lib/gcc/arm-none-eabi/10.1.0/../../../../arm-none-eabi/lib/thumb\libg.a(lib_a-setvbuf.o)
                0x000000000200f974                setvbuf
 .text.siscanf  0x000000000200fb20       0x4c c:/km-20/tool/devkitpro/devkitarm/bin/../lib/gcc/arm-none-eabi/10.1.0/../../../../arm-none-eabi/lib/thumb\libg.a(lib_a-siscanf.o)
                0x000000000200fb20                siscanf
 .text.sprintf  0x000000000200fb6c       0x40 c:/km-20/tool/devkitpro/devkitarm/bin/../lib/gcc/arm-none-eabi/10.1.0/../../../../arm-none-eabi/lib/thumb\libg.a(lib_a-sprintf.o)
                0x000000000200fb6c                sprintf
 .text.__sread  0x000000000200fbac       0x34 c:/km-20/tool/devkitpro/devkitarm/bin/../lib/gcc/arm-none-eabi/10.1.0/../../../../arm-none-eabi/lib/thumb\libg.a(lib_a-stdio.o)
                0x000000000200fbac                __sread
 .text.__seofread
                0x000000000200fbe0        0x4 c:/km-20/tool/devkitpro/devkitarm/bin/../lib/gcc/arm-none-eabi/10.1.0/../../../../arm-none-eabi/lib/thumb\libg.a(lib_a-stdio.o)
                0x000000000200fbe0                __seofread
 .text.__swrite
                0x000000000200fbe4       0x54 c:/km-20/tool/devkitpro/devkitarm/bin/../lib/gcc/arm-none-eabi/10.1.0/../../../../arm-none-eabi/lib/thumb\libg.a(lib_a-stdio.o)
                0x000000000200fbe4                __swrite
 .text.__sseek  0x000000000200fc38       0x40 c:/km-20/tool/devkitpro/devkitarm/bin/../lib/gcc/arm-none-eabi/10.1.0/../../../../arm-none-eabi/lib/thumb\libg.a(lib_a-stdio.o)
                0x000000000200fc38                __sseek
 .text.__sclose
                0x000000000200fc78       0x10 c:/km-20/tool/devkitpro/devkitarm/bin/../lib/gcc/arm-none-eabi/10.1.0/../../../../arm-none-eabi/lib/thumb\libg.a(lib_a-stdio.o)
                0x000000000200fc78                __sclose
 .text.stpcpy   0x000000000200fc88       0x50 c:/km-20/tool/devkitpro/devkitarm/bin/../lib/gcc/arm-none-eabi/10.1.0/../../../../arm-none-eabi/lib/thumb\libg.a(lib_a-stpcpy.o)
                0x000000000200fc88                stpcpy
 .text.strcasecmp
                0x000000000200fcd8       0x48 c:/km-20/tool/devkitpro/devkitarm/bin/../lib/gcc/arm-none-eabi/10.1.0/../../../../arm-none-eabi/lib/thumb\libg.a(lib_a-strcasecmp.o)
                0x000000000200fcd8                strcasecmp
 .text.strchr   0x000000000200fd20       0xc8 c:/km-20/tool/devkitpro/devkitarm/bin/../lib/gcc/arm-none-eabi/10.1.0/../../../../arm-none-eabi/lib/thumb\libg.a(lib_a-strchr.o)
                0x000000000200fd20                strchr
 .text.strcpy   0x000000000200fde8       0x10 c:/km-20/tool/devkitpro/devkitarm/bin/../lib/gcc/arm-none-eabi/10.1.0/../../../../arm-none-eabi/lib/thumb\libg.a(lib_a-strcpy.o)
                0x000000000200fde8                strcpy
 .text.strdup   0x000000000200fdf8       0x14 c:/km-20/tool/devkitpro/devkitarm/bin/../lib/gcc/arm-none-eabi/10.1.0/../../../../arm-none-eabi/lib/thumb\libg.a(lib_a-strdup.o)
                0x000000000200fdf8                strdup
 .text._strdup_r
                0x000000000200fe0c       0x2c c:/km-20/tool/devkitpro/devkitarm/bin/../lib/gcc/arm-none-eabi/10.1.0/../../../../arm-none-eabi/lib/thumb\libg.a(lib_a-strdup_r.o)
                0x000000000200fe0c                _strdup_r
 .text.strlen   0x000000000200fe38       0x60 c:/km-20/tool/devkitpro/devkitarm/bin/../lib/gcc/arm-none-eabi/10.1.0/../../../../arm-none-eabi/lib/thumb\libg.a(lib_a-strlen-stub.o)
                0x000000000200fe38                strlen
 .text.strncasecmp
                0x000000000200fe98       0x54 c:/km-20/tool/devkitpro/devkitarm/bin/../lib/gcc/arm-none-eabi/10.1.0/../../../../arm-none-eabi/lib/thumb\libg.a(lib_a-strncasecmp.o)
                0x000000000200fe98                strncasecmp
 .text.strncmp  0x000000000200feec       0x78 c:/km-20/tool/devkitpro/devkitarm/bin/../lib/gcc/arm-none-eabi/10.1.0/../../../../arm-none-eabi/lib/thumb\libg.a(lib_a-strncmp.o)
                0x000000000200feec                strncmp
 .text.strncpy  0x000000000200ff64       0x74 c:/km-20/tool/devkitpro/devkitarm/bin/../lib/gcc/arm-none-eabi/10.1.0/../../../../arm-none-eabi/lib/thumb\libg.a(lib_a-strncpy.o)
                0x000000000200ff64                strncpy
 .text.strnlen  0x000000000200ffd8       0x28 c:/km-20/tool/devkitpro/devkitarm/bin/../lib/gcc/arm-none-eabi/10.1.0/../../../../arm-none-eabi/lib/thumb\libg.a(lib_a-strnlen.o)
                0x000000000200ffd8                strnlen
 .text.strpbrk  0x0000000002010000       0x40 c:/km-20/tool/devkitpro/devkitarm/bin/../lib/gcc/arm-none-eabi/10.1.0/../../../../arm-none-eabi/lib/thumb\libg.a(lib_a-strpbrk.o)
                0x0000000002010000                strpbrk
 .text.strrchr  0x0000000002010040       0x2c c:/km-20/tool/devkitpro/devkitarm/bin/../lib/gcc/arm-none-eabi/10.1.0/../../../../arm-none-eabi/lib/thumb\libg.a(lib_a-strrchr.o)
                0x0000000002010040                strrchr
 .text._strtol_l.part.0
                0x000000000201006c      0x150 c:/km-20/tool/devkitpro/devkitarm/bin/../lib/gcc/arm-none-eabi/10.1.0/../../../../arm-none-eabi/lib/thumb\libg.a(lib_a-strtol.o)
 .text._strtol_r
                0x00000000020101bc       0x20 c:/km-20/tool/devkitpro/devkitarm/bin/../lib/gcc/arm-none-eabi/10.1.0/../../../../arm-none-eabi/lib/thumb\libg.a(lib_a-strtol.o)
                0x00000000020101bc                _strtol_r
 .text.strupr   0x00000000020101dc       0x30 c:/km-20/tool/devkitpro/devkitarm/bin/../lib/gcc/arm-none-eabi/10.1.0/../../../../arm-none-eabi/lib/thumb\libg.a(lib_a-strupr.o)
                0x00000000020101dc                strupr
 .text.get_arg  0x000000000201020c       0x32 c:/km-20/tool/devkitpro/devkitarm/bin/../lib/gcc/arm-none-eabi/10.1.0/../../../../arm-none-eabi/lib/thumb\libg.a(lib_a-svfiscanf.o)
 .text._sungetc_r
                0x000000000201023e       0x7e c:/km-20/tool/devkitpro/devkitarm/bin/../lib/gcc/arm-none-eabi/10.1.0/../../../../arm-none-eabi/lib/thumb\libg.a(lib_a-svfiscanf.o)
                0x000000000201023e                _sungetc_r
 .text.__ssrefill_r
                0x00000000020102bc       0x42 c:/km-20/tool/devkitpro/devkitarm/bin/../lib/gcc/arm-none-eabi/10.1.0/../../../../arm-none-eabi/lib/thumb\libg.a(lib_a-svfiscanf.o)
                0x00000000020102bc                __ssrefill_r
 .text._sfread_r
                0x00000000020102fe       0x8a c:/km-20/tool/devkitpro/devkitarm/bin/../lib/gcc/arm-none-eabi/10.1.0/../../../../arm-none-eabi/lib/thumb\libg.a(lib_a-svfiscanf.o)
                0x00000000020102fe                _sfread_r
 .text.__ssvfiscanf_r
                0x0000000002010388     0x1b6c c:/km-20/tool/devkitpro/devkitarm/bin/../lib/gcc/arm-none-eabi/10.1.0/../../../../arm-none-eabi/lib/thumb\libg.a(lib_a-svfiscanf.o)
                0x0000000002010388                __ssvfiscanf_r
 .text.get_arg  0x0000000002011ef4      0x3f0 c:/km-20/tool/devkitpro/devkitarm/bin/../lib/gcc/arm-none-eabi/10.1.0/../../../../arm-none-eabi/lib/thumb\libg.a(lib_a-svfprintf.o)
 .text._svfprintf_r
                0x00000000020122e4     0x2498 c:/km-20/tool/devkitpro/devkitarm/bin/../lib/gcc/arm-none-eabi/10.1.0/../../../../arm-none-eabi/lib/thumb\libg.a(lib_a-svfprintf.o)
                0x00000000020122e4                _svfprintf_r
 .text.lseek    0x000000000201477c       0x24 c:/km-20/tool/devkitpro/devkitarm/bin/../lib/gcc/arm-none-eabi/10.1.0/../../../../arm-none-eabi/lib/thumb\libg.a(lib_a-syslseek.o)
                0x000000000201477c                lseek
 .text.open     0x00000000020147a0       0x28 c:/km-20/tool/devkitpro/devkitarm/bin/../lib/gcc/arm-none-eabi/10.1.0/../../../../arm-none-eabi/lib/thumb\libg.a(lib_a-sysopen.o)
                0x00000000020147a0                open
 .text.read     0x00000000020147c8       0x1c c:/km-20/tool/devkitpro/devkitarm/bin/../lib/gcc/arm-none-eabi/10.1.0/../../../../arm-none-eabi/lib/thumb\libg.a(lib_a-sysread.o)
                0x00000000020147c8                read
 .text.time     0x00000000020147e4       0x34 c:/km-20/tool/devkitpro/devkitarm/bin/../lib/gcc/arm-none-eabi/10.1.0/../../../../arm-none-eabi/lib/thumb\libg.a(lib_a-time.o)
                0x00000000020147e4                time
 .text.towlower
                0x0000000002014818       0x10 c:/km-20/tool/devkitpro/devkitarm/bin/../lib/gcc/arm-none-eabi/10.1.0/../../../../arm-none-eabi/lib/thumb\libg.a(lib_a-towlower.o)
                0x0000000002014818                towlower
 .text.towupper
                0x0000000002014828       0x10 c:/km-20/tool/devkitpro/devkitarm/bin/../lib/gcc/arm-none-eabi/10.1.0/../../../../arm-none-eabi/lib/thumb\libg.a(lib_a-towupper.o)
                0x0000000002014828                towupper
 .text.__tzcalc_limits
                0x0000000002014838      0x1a8 c:/km-20/tool/devkitpro/devkitarm/bin/../lib/gcc/arm-none-eabi/10.1.0/../../../../arm-none-eabi/lib/thumb\libg.a(lib_a-tzcalc_limits.o)
                0x0000000002014838                __tzcalc_limits
 .text.__tz_lock
                0x00000000020149e0       0x14 c:/km-20/tool/devkitpro/devkitarm/bin/../lib/gcc/arm-none-eabi/10.1.0/../../../../arm-none-eabi/lib/thumb\libg.a(lib_a-tzlock.o)
                0x00000000020149e0                __tz_lock
 .text.__tz_unlock
                0x00000000020149f4       0x14 c:/km-20/tool/devkitpro/devkitarm/bin/../lib/gcc/arm-none-eabi/10.1.0/../../../../arm-none-eabi/lib/thumb\libg.a(lib_a-tzlock.o)
                0x00000000020149f4                __tz_unlock
 .text._tzset_unlocked
                0x0000000002014a08       0x10 c:/km-20/tool/devkitpro/devkitarm/bin/../lib/gcc/arm-none-eabi/10.1.0/../../../../arm-none-eabi/lib/thumb\libg.a(lib_a-tzset.o)
                0x0000000002014a08                _tzset_unlocked
 .text._tzset_unlocked_r
                0x0000000002014a18      0x360 c:/km-20/tool/devkitpro/devkitarm/bin/../lib/gcc/arm-none-eabi/10.1.0/../../../../arm-none-eabi/lib/thumb\libg.a(lib_a-tzset_r.o)
                0x0000000002014a18                _tzset_unlocked_r
 .text.__submore
                0x0000000002014d78       0x88 c:/km-20/tool/devkitpro/devkitarm/bin/../lib/gcc/arm-none-eabi/10.1.0/../../../../arm-none-eabi/lib/thumb\libg.a(lib_a-ungetc.o)
                0x0000000002014d78                __submore
 .text.get_arg  0x0000000002014e00      0x3f0 c:/km-20/tool/devkitpro/devkitarm/bin/../lib/gcc/arm-none-eabi/10.1.0/../../../../arm-none-eabi/lib/thumb\libg.a(lib_a-vfiprintf.o)
 .text.__sprint_r
                0x00000000020151f0       0x20 c:/km-20/tool/devkitpro/devkitarm/bin/../lib/gcc/arm-none-eabi/10.1.0/../../../../arm-none-eabi/lib/thumb\libg.a(lib_a-vfiprintf.o)
                0x00000000020151f0                __sprint_r
 .text._vfiprintf_r
                0x0000000002015210     0x1800 c:/km-20/tool/devkitpro/devkitarm/bin/../lib/gcc/arm-none-eabi/10.1.0/../../../../arm-none-eabi/lib/thumb\libg.a(lib_a-vfiprintf.o)
                0x0000000002015210                _vfiprintf_r
 .text.__sbprintf
                0x0000000002016a10       0x8c c:/km-20/tool/devkitpro/devkitarm/bin/../lib/gcc/arm-none-eabi/10.1.0/../../../../arm-none-eabi/lib/thumb\libg.a(lib_a-vfiprintf.o)
 .text.viprintf
                0x0000000002016a9c       0x1c c:/km-20/tool/devkitpro/devkitarm/bin/../lib/gcc/arm-none-eabi/10.1.0/../../../../arm-none-eabi/lib/thumb\libg.a(lib_a-viprintf.o)
                0x0000000002016a9c                viprintf
 .text._wcrtomb_r
                0x0000000002016ab8       0x5c c:/km-20/tool/devkitpro/devkitarm/bin/../lib/gcc/arm-none-eabi/10.1.0/../../../../arm-none-eabi/lib/thumb\libg.a(lib_a-wcrtomb.o)
                0x0000000002016ab8                _wcrtomb_r
 .text.wcrtomb  0x0000000002016b14       0x74 c:/km-20/tool/devkitpro/devkitarm/bin/../lib/gcc/arm-none-eabi/10.1.0/../../../../arm-none-eabi/lib/thumb\libg.a(lib_a-wcrtomb.o)
                0x0000000002016b14                wcrtomb
 .text._wcsrtombs_r
                0x0000000002016b88       0x1c c:/km-20/tool/devkitpro/devkitarm/bin/../lib/gcc/arm-none-eabi/10.1.0/../../../../arm-none-eabi/lib/thumb\libg.a(lib_a-wcsrtombs.o)
                0x0000000002016b88                _wcsrtombs_r
 .text.wctob    0x0000000002016ba4       0x48 c:/km-20/tool/devkitpro/devkitarm/bin/../lib/gcc/arm-none-eabi/10.1.0/../../../../arm-none-eabi/lib/thumb\libg.a(lib_a-wctob.o)
                0x0000000002016ba4                wctob
 .text.__utf8_wctomb
                0x0000000002016bec       0xb4 c:/km-20/tool/devkitpro/devkitarm/bin/../lib/gcc/arm-none-eabi/10.1.0/../../../../arm-none-eabi/lib/thumb\libg.a(lib_a-wctomb_r.o)
                0x0000000002016bec                __utf8_wctomb
 .text.__swsetup_r
                0x0000000002016ca0       0xe4 c:/km-20/tool/devkitpro/devkitarm/bin/../lib/gcc/arm-none-eabi/10.1.0/../../../../arm-none-eabi/lib/thumb\libg.a(lib_a-wsetup.o)
                0x0000000002016ca0                __swsetup_r
 .text.div      0x0000000002016d84       0x34 c:/km-20/tool/devkitpro/devkitarm/bin/../lib/gcc/arm-none-eabi/10.1.0/../../../../arm-none-eabi/lib/thumb\libg.a(lib_a-div.o)
                0x0000000002016d84                div
 .text.quorem   0x0000000002016db8      0x14c c:/km-20/tool/devkitpro/devkitarm/bin/../lib/gcc/arm-none-eabi/10.1.0/../../../../arm-none-eabi/lib/thumb\libg.a(lib_a-dtoa.o)
 .text._dtoa_r  0x0000000002016f04      0xff0 c:/km-20/tool/devkitpro/devkitarm/bin/../lib/gcc/arm-none-eabi/10.1.0/../../../../arm-none-eabi/lib/thumb\libg.a(lib_a-dtoa.o)
                0x0000000002016f04                _dtoa_r
 .text.__errno  0x0000000002017ef4        0xc c:/km-20/tool/devkitpro/devkitarm/bin/../lib/gcc/arm-none-eabi/10.1.0/../../../../arm-none-eabi/lib/thumb\libg.a(lib_a-errno.o)
                0x0000000002017ef4                __errno
 .text.__sflags
                0x0000000002017f00       0xa4 c:/km-20/tool/devkitpro/devkitarm/bin/../lib/gcc/arm-none-eabi/10.1.0/../../../../arm-none-eabi/lib/thumb\libg.a(lib_a-flags.o)
                0x0000000002017f00                __sflags
 .text.__sfvwrite_r
                0x0000000002017fa4      0x324 c:/km-20/tool/devkitpro/devkitarm/bin/../lib/gcc/arm-none-eabi/10.1.0/../../../../arm-none-eabi/lib/thumb\libg.a(lib_a-fvwrite.o)
                0x0000000002017fa4                __sfvwrite_r
 .text._findenv_r
                0x00000000020182c8       0x94 c:/km-20/tool/devkitpro/devkitarm/bin/../lib/gcc/arm-none-eabi/10.1.0/../../../../arm-none-eabi/lib/thumb\libg.a(lib_a-getenv_r.o)
                0x00000000020182c8                _findenv_r
 .text._getenv_r
                0x000000000201835c       0x10 c:/km-20/tool/devkitpro/devkitarm/bin/../lib/gcc/arm-none-eabi/10.1.0/../../../../arm-none-eabi/lib/thumb\libg.a(lib_a-getenv_r.o)
                0x000000000201835c                _getenv_r
 .text.__gettzinfo
                0x000000000201836c        0x8 c:/km-20/tool/devkitpro/devkitarm/bin/../lib/gcc/arm-none-eabi/10.1.0/../../../../arm-none-eabi/lib/thumb\libg.a(lib_a-gettzinfo.o)
                0x000000000201836c                __gettzinfo
 .text.gmtime_r
                0x0000000002018374      0x1d8 c:/km-20/tool/devkitpro/devkitarm/bin/../lib/gcc/arm-none-eabi/10.1.0/../../../../arm-none-eabi/lib/thumb\libg.a(lib_a-gmtime_r.o)
                0x0000000002018374                gmtime_r
 .text.iswspace
                0x000000000201854c       0x10 c:/km-20/tool/devkitpro/devkitarm/bin/../lib/gcc/arm-none-eabi/10.1.0/../../../../arm-none-eabi/lib/thumb\libg.a(lib_a-iswspace.o)
                0x000000000201854c                iswspace
 .text._localeconv_r
                0x000000000201855c        0x8 c:/km-20/tool/devkitpro/devkitarm/bin/../lib/gcc/arm-none-eabi/10.1.0/../../../../arm-none-eabi/lib/thumb\libg.a(lib_a-localeconv.o)
                0x000000000201855c                _localeconv_r
 .text._mbsnrtowcs_r
                0x0000000002018564       0xc0 c:/km-20/tool/devkitpro/devkitarm/bin/../lib/gcc/arm-none-eabi/10.1.0/../../../../arm-none-eabi/lib/thumb\libg.a(lib_a-mbsnrtowcs.o)
                0x0000000002018564                _mbsnrtowcs_r
 .text.memchr   0x0000000002018624       0x78 c:/km-20/tool/devkitpro/devkitarm/bin/../lib/gcc/arm-none-eabi/10.1.0/../../../../arm-none-eabi/lib/thumb\libg.a(lib_a-memchr-stub.o)
                0x0000000002018624                memchr
 .text._Balloc  0x000000000201869c       0x54 c:/km-20/tool/devkitpro/devkitarm/bin/../lib/gcc/arm-none-eabi/10.1.0/../../../../arm-none-eabi/lib/thumb\libg.a(lib_a-mprec.o)
                0x000000000201869c                _Balloc
 .text._Bfree   0x00000000020186f0       0x14 c:/km-20/tool/devkitpro/devkitarm/bin/../lib/gcc/arm-none-eabi/10.1.0/../../../../arm-none-eabi/lib/thumb\libg.a(lib_a-mprec.o)
                0x00000000020186f0                _Bfree
 .text.__multadd
                0x0000000002018704       0xac c:/km-20/tool/devkitpro/devkitarm/bin/../lib/gcc/arm-none-eabi/10.1.0/../../../../arm-none-eabi/lib/thumb\libg.a(lib_a-mprec.o)
                0x0000000002018704                __multadd
 .text.__hi0bits
                0x00000000020187b0       0x38 c:/km-20/tool/devkitpro/devkitarm/bin/../lib/gcc/arm-none-eabi/10.1.0/../../../../arm-none-eabi/lib/thumb\libg.a(lib_a-mprec.o)
                0x00000000020187b0                __hi0bits
 .text.__lo0bits
                0x00000000020187e8       0x5c c:/km-20/tool/devkitpro/devkitarm/bin/../lib/gcc/arm-none-eabi/10.1.0/../../../../arm-none-eabi/lib/thumb\libg.a(lib_a-mprec.o)
                0x00000000020187e8                __lo0bits
 .text.__i2b    0x0000000002018844       0x64 c:/km-20/tool/devkitpro/devkitarm/bin/../lib/gcc/arm-none-eabi/10.1.0/../../../../arm-none-eabi/lib/thumb\libg.a(lib_a-mprec.o)
                0x0000000002018844                __i2b
 .text.__multiply
                0x00000000020188a8      0x1a8 c:/km-20/tool/devkitpro/devkitarm/bin/../lib/gcc/arm-none-eabi/10.1.0/../../../../arm-none-eabi/lib/thumb\libg.a(lib_a-mprec.o)
                0x00000000020188a8                __multiply
 .text.__pow5mult
                0x0000000002018a50       0xdc c:/km-20/tool/devkitpro/devkitarm/bin/../lib/gcc/arm-none-eabi/10.1.0/../../../../arm-none-eabi/lib/thumb\libg.a(lib_a-mprec.o)
                0x0000000002018a50                __pow5mult
 .text.__lshift
                0x0000000002018b2c      0x100 c:/km-20/tool/devkitpro/devkitarm/bin/../lib/gcc/arm-none-eabi/10.1.0/../../../../arm-none-eabi/lib/thumb\libg.a(lib_a-mprec.o)
                0x0000000002018b2c                __lshift
 .text.__mcmp   0x0000000002018c2c       0x38 c:/km-20/tool/devkitpro/devkitarm/bin/../lib/gcc/arm-none-eabi/10.1.0/../../../../arm-none-eabi/lib/thumb\libg.a(lib_a-mprec.o)
                0x0000000002018c2c                __mcmp
 .text.__mdiff  0x0000000002018c64      0x190 c:/km-20/tool/devkitpro/devkitarm/bin/../lib/gcc/arm-none-eabi/10.1.0/../../../../arm-none-eabi/lib/thumb\libg.a(lib_a-mprec.o)
                0x0000000002018c64                __mdiff
 .text.__d2b    0x0000000002018df4       0xdc c:/km-20/tool/devkitpro/devkitarm/bin/../lib/gcc/arm-none-eabi/10.1.0/../../../../arm-none-eabi/lib/thumb\libg.a(lib_a-mprec.o)
                0x0000000002018df4                __d2b
 .text.realloc  0x0000000002018ed0       0x18 c:/km-20/tool/devkitpro/devkitarm/bin/../lib/gcc/arm-none-eabi/10.1.0/../../../../arm-none-eabi/lib/thumb\libg.a(lib_a-realloc.o)
                0x0000000002018ed0                realloc
 .text._realloc_r
                0x0000000002018ee8      0x38c c:/km-20/tool/devkitpro/devkitarm/bin/../lib/gcc/arm-none-eabi/10.1.0/../../../../arm-none-eabi/lib/thumb\libg.a(lib_a-reallocr.o)
                0x0000000002018ee8                _realloc_r
 .text.__sccl   0x0000000002019274       0x90 c:/km-20/tool/devkitpro/devkitarm/bin/../lib/gcc/arm-none-eabi/10.1.0/../../../../arm-none-eabi/lib/thumb\libg.a(lib_a-sccl.o)
                0x0000000002019274                __sccl
 .text.frexp    0x0000000002019304       0x68 c:/km-20/tool/devkitpro/devkitarm/bin/../lib/gcc/arm-none-eabi/10.1.0/../../../../arm-none-eabi/lib/thumb\libg.a(lib_a-s_frexp.o)
                0x0000000002019304                frexp
 .text._strtoll_l.constprop.0
                0x000000000201936c      0x1ac c:/km-20/tool/devkitpro/devkitarm/bin/../lib/gcc/arm-none-eabi/10.1.0/../../../../arm-none-eabi/lib/thumb\libg.a(lib_a-strtoll.o)
 .text._strtoll_r
                0x0000000002019518        0xc c:/km-20/tool/devkitpro/devkitarm/bin/../lib/gcc/arm-none-eabi/10.1.0/../../../../arm-none-eabi/lib/thumb\libg.a(lib_a-strtoll.o)
                0x0000000002019518                _strtoll_r
 .text._strtoull_l.constprop.0
                0x0000000002019524      0x1c8 c:/km-20/tool/devkitpro/devkitarm/bin/../lib/gcc/arm-none-eabi/10.1.0/../../../../arm-none-eabi/lib/thumb\libg.a(lib_a-strtoull.o)
 .text._strtoull_r
                0x00000000020196ec        0xc c:/km-20/tool/devkitpro/devkitarm/bin/../lib/gcc/arm-none-eabi/10.1.0/../../../../arm-none-eabi/lib/thumb\libg.a(lib_a-strtoull.o)
                0x00000000020196ec                _strtoull_r
 .text._strtoul_l.constprop.0
                0x00000000020196f8      0x148 c:/km-20/tool/devkitpro/devkitarm/bin/../lib/gcc/arm-none-eabi/10.1.0/../../../../arm-none-eabi/lib/thumb\libg.a(lib_a-strtoul.o)
 .text._strtoul_r
                0x0000000002019840        0xc c:/km-20/tool/devkitpro/devkitarm/bin/../lib/gcc/arm-none-eabi/10.1.0/../../../../arm-none-eabi/lib/thumb\libg.a(lib_a-strtoul.o)
                0x0000000002019840                _strtoul_r
 .text.strtoul  0x000000000201984c       0x1c c:/km-20/tool/devkitpro/devkitarm/bin/../lib/gcc/arm-none-eabi/10.1.0/../../../../arm-none-eabi/lib/thumb\libg.a(lib_a-strtoul.o)
                0x000000000201984c                strtoul
 .text.__ssprint_r
                0x0000000002019868      0x124 c:/km-20/tool/devkitpro/devkitarm/bin/../lib/gcc/arm-none-eabi/10.1.0/../../../../arm-none-eabi/lib/thumb\libg.a(lib_a-svfiprintf.o)
                0x0000000002019868                __ssprint_r
 .text.towctrans
                0x000000000201998c       0x28 c:/km-20/tool/devkitpro/devkitarm/bin/../lib/gcc/arm-none-eabi/10.1.0/../../../../arm-none-eabi/lib/thumb\libg.a(lib_a-towctrans.o)
                0x000000000201998c                towctrans
 .text._wcsnrtombs_l
                0x00000000020199b4      0x138 c:/km-20/tool/devkitpro/devkitarm/bin/../lib/gcc/arm-none-eabi/10.1.0/../../../../arm-none-eabi/lib/thumb\libg.a(lib_a-wcsnrtombs.o)
                0x00000000020199b4                _wcsnrtombs_l
 .text._wcsnrtombs_r
                0x0000000002019aec       0x30 c:/km-20/tool/devkitpro/devkitarm/bin/../lib/gcc/arm-none-eabi/10.1.0/../../../../arm-none-eabi/lib/thumb\libg.a(lib_a-wcsnrtombs.o)
                0x0000000002019aec                _wcsnrtombs_r
 .text.__assert_func
                0x0000000002019b1c       0x40 c:/km-20/tool/devkitpro/devkitarm/bin/../lib/gcc/arm-none-eabi/10.1.0/../../../../arm-none-eabi/lib/thumb\libg.a(lib_a-assert.o)
                0x0000000002019b1c                __assert_func
 .text.__env_lock
                0x0000000002019b5c       0x14 c:/km-20/tool/devkitpro/devkitarm/bin/../lib/gcc/arm-none-eabi/10.1.0/../../../../arm-none-eabi/lib/thumb\libg.a(lib_a-envlock.o)
                0x0000000002019b5c                __env_lock
 .text.__env_unlock
                0x0000000002019b70       0x14 c:/km-20/tool/devkitpro/devkitarm/bin/../lib/gcc/arm-none-eabi/10.1.0/../../../../arm-none-eabi/lib/thumb\libg.a(lib_a-envlock.o)
                0x0000000002019b70                __env_unlock
 .text.fiprintf
                0x0000000002019b84       0x28 c:/km-20/tool/devkitpro/devkitarm/bin/../lib/gcc/arm-none-eabi/10.1.0/../../../../arm-none-eabi/lib/thumb\libg.a(lib_a-fiprintf.o)
                0x0000000002019b84                fiprintf
 .text.iswspace_l
                0x0000000002019bac       0x2c c:/km-20/tool/devkitpro/devkitarm/bin/../lib/gcc/arm-none-eabi/10.1.0/../../../../arm-none-eabi/lib/thumb\libg.a(lib_a-iswspace_l.o)
                0x0000000002019bac                iswspace_l
 .text.__jp2uc  0x0000000002019bd8      0x164 c:/km-20/tool/devkitpro/devkitarm/bin/../lib/gcc/arm-none-eabi/10.1.0/../../../../arm-none-eabi/lib/thumb\libg.a(lib_a-jp2uc.o)
 .text._jp2uc_l
                0x0000000002019d3c       0x6c c:/km-20/tool/devkitpro/devkitarm/bin/../lib/gcc/arm-none-eabi/10.1.0/../../../../arm-none-eabi/lib/thumb\libg.a(lib_a-jp2uc.o)
                0x0000000002019d3c                _jp2uc_l
 .text._uc2jp_l
                0x0000000002019da8       0x4c c:/km-20/tool/devkitpro/devkitarm/bin/../lib/gcc/arm-none-eabi/10.1.0/../../../../arm-none-eabi/lib/thumb\libg.a(lib_a-jp2uc.o)
                0x0000000002019da8                _uc2jp_l
 .text.towctrans_l
                0x0000000002019df4      0x1b4 c:/km-20/tool/devkitpro/devkitarm/bin/../lib/gcc/arm-none-eabi/10.1.0/../../../../arm-none-eabi/lib/thumb\libg.a(lib_a-towctrans_l.o)
                0x0000000002019df4                towctrans_l
 .text.abort    0x0000000002019fa8       0x10 c:/km-20/tool/devkitpro/devkitarm/bin/../lib/gcc/arm-none-eabi/10.1.0/../../../../arm-none-eabi/lib/thumb\libg.a(lib_a-abort.o)
                0x0000000002019fa8                abort
 .text.category
                0x0000000002019fb8       0x54 c:/km-20/tool/devkitpro/devkitarm/bin/../lib/gcc/arm-none-eabi/10.1.0/../../../../arm-none-eabi/lib/thumb\libg.a(lib_a-categories.o)
                0x0000000002019fb8                category
 .text._raise_r
                0x000000000201a00c       0x64 c:/km-20/tool/devkitpro/devkitarm/bin/../lib/gcc/arm-none-eabi/10.1.0/../../../../arm-none-eabi/lib/thumb\libg.a(lib_a-signal.o)
                0x000000000201a00c                _raise_r
 .text.raise    0x000000000201a070       0x14 c:/km-20/tool/devkitpro/devkitarm/bin/../lib/gcc/arm-none-eabi/10.1.0/../../../../arm-none-eabi/lib/thumb\libg.a(lib_a-signal.o)
                0x000000000201a070                raise
 .text.null_write
                0x000000000201a084        0x4 c:/km-20/tool/devkitpro/devkitarm/bin/../lib/gcc/arm-none-eabi/10.1.0/../../../../arm-none-eabi/lib/thumb\libsysbase.a(iosupport.o)
 .text.setDefaultDevice
                0x000000000201a088       0x10 c:/km-20/tool/devkitpro/devkitarm/bin/../lib/gcc/arm-none-eabi/10.1.0/../../../../arm-none-eabi/lib/thumb\libsysbase.a(iosupport.o)
                0x000000000201a088                setDefaultDevice
 .text.FindDevice
                0x000000000201a098       0x98 c:/km-20/tool/devkitpro/devkitarm/bin/../lib/gcc/arm-none-eabi/10.1.0/../../../../arm-none-eabi/lib/thumb\libsysbase.a(iosupport.o)
                0x000000000201a098                FindDevice
 .text.AddDevice
                0x000000000201a130       0x78 c:/km-20/tool/devkitpro/devkitarm/bin/../lib/gcc/arm-none-eabi/10.1.0/../../../../arm-none-eabi/lib/thumb\libsysbase.a(iosupport.o)
                0x000000000201a130                AddDevice
 .text.GetDeviceOpTab
                0x000000000201a1a8       0x20 c:/km-20/tool/devkitpro/devkitarm/bin/../lib/gcc/arm-none-eabi/10.1.0/../../../../arm-none-eabi/lib/thumb\libsysbase.a(iosupport.o)
                0x000000000201a1a8                GetDeviceOpTab
 .text._fstat_r
                0x000000000201a1c8       0x4c c:/km-20/tool/devkitpro/devkitarm/bin/../lib/gcc/arm-none-eabi/10.1.0/../../../../arm-none-eabi/lib/thumb\libsysbase.a(fstat.o)
                0x000000000201a1c8                _fstat_r
 .text._getpid_r
                0x000000000201a214        0xc c:/km-20/tool/devkitpro/devkitarm/bin/../lib/gcc/arm-none-eabi/10.1.0/../../../../arm-none-eabi/lib/thumb\libsysbase.a(getpid.o)
                0x000000000201a214                _getpid_r
 .text._gettimeofday_r
                0x000000000201a220       0x28 c:/km-20/tool/devkitpro/devkitarm/bin/../lib/gcc/arm-none-eabi/10.1.0/../../../../arm-none-eabi/lib/thumb\libsysbase.a(gettod.o)
                0x000000000201a220                _gettimeofday_r
 .text._isatty_r
                0x000000000201a248        0x4 c:/km-20/tool/devkitpro/devkitarm/bin/../lib/gcc/arm-none-eabi/10.1.0/../../../../arm-none-eabi/lib/thumb\libsysbase.a(isatty.o)
                0x000000000201a248                _isatty_r
 .text._kill_r  0x000000000201a24c        0xc c:/km-20/tool/devkitpro/devkitarm/bin/../lib/gcc/arm-none-eabi/10.1.0/../../../../arm-none-eabi/lib/thumb\libsysbase.a(kill.o)
                0x000000000201a24c                _kill_r
 .text._lseek_r
                0x000000000201a258       0x5c c:/km-20/tool/devkitpro/devkitarm/bin/../lib/gcc/arm-none-eabi/10.1.0/../../../../arm-none-eabi/lib/thumb\libsysbase.a(lseek.o)
                0x000000000201a258                _lseek_r
 .text._open_r  0x000000000201a2b4       0x9c c:/km-20/tool/devkitpro/devkitarm/bin/../lib/gcc/arm-none-eabi/10.1.0/../../../../arm-none-eabi/lib/thumb\libsysbase.a(open.o)
                0x000000000201a2b4                _open_r
 .text._read_r  0x000000000201a350       0x50 c:/km-20/tool/devkitpro/devkitarm/bin/../lib/gcc/arm-none-eabi/10.1.0/../../../../arm-none-eabi/lib/thumb\libsysbase.a(read.o)
                0x000000000201a350                _read_r
 .text._sbrk_r  0x000000000201a3a0       0x54 c:/km-20/tool/devkitpro/devkitarm/bin/../lib/gcc/arm-none-eabi/10.1.0/../../../../arm-none-eabi/lib/thumb\libsysbase.a(sbrk.o)
                0x000000000201a3a0                _sbrk_r
 .text._write_r
                0x000000000201a3f4       0x50 c:/km-20/tool/devkitpro/devkitarm/bin/../lib/gcc/arm-none-eabi/10.1.0/../../../../arm-none-eabi/lib/thumb\libsysbase.a(write.o)
                0x000000000201a3f4                _write_r
 .text._exit    0x000000000201a444       0x18 c:/km-20/tool/devkitpro/devkitarm/bin/../lib/gcc/arm-none-eabi/10.1.0/../../../../arm-none-eabi/lib/thumb\libsysbase.a(_exit.o)
                0x000000000201a444                _exit
 .text._concatenate_path
                0x000000000201a45c      0x128 c:/km-20/tool/devkitpro/devkitarm/bin/../lib/gcc/arm-none-eabi/10.1.0/../../../../arm-none-eabi/lib/thumb\libsysbase.a(chdir.o)
                0x000000000201a45c                _concatenate_path
 .text.chdir    0x000000000201a584       0xec c:/km-20/tool/devkitpro/devkitarm/bin/../lib/gcc/arm-none-eabi/10.1.0/../../../../arm-none-eabi/lib/thumb\libsysbase.a(chdir.o)
                0x000000000201a584                chdir
 .text.getcwd   0x000000000201a670       0x60 c:/km-20/tool/devkitpro/devkitarm/bin/../lib/gcc/arm-none-eabi/10.1.0/../../../../arm-none-eabi/lib/thumb\libsysbase.a(chdir.o)
                0x000000000201a670                getcwd
 .text.build_argv
                0x000000000201a6d0       0x4c c:/km-20/tool/devkitpro/devkitarm/bin/../lib/gcc/arm-none-eabi/10.1.0/../../../../arm-none-eabi/lib/thumb\libsysbase.a(build_argv.o)
                0x000000000201a6d0                build_argv
 .text.__flockfile
                0x000000000201a71c       0x10 c:/km-20/tool/devkitpro/devkitarm/bin/../lib/gcc/arm-none-eabi/10.1.0/../../../../arm-none-eabi/lib/thumb\libsysbase.a(flock.o)
                0x000000000201a71c                __flockfile
 .text.__funlockfile
                0x000000000201a72c       0x10 c:/km-20/tool/devkitpro/devkitarm/bin/../lib/gcc/arm-none-eabi/10.1.0/../../../../arm-none-eabi/lib/thumb\libsysbase.a(flock.o)
                0x000000000201a72c                __funlockfile
 .text.__libc_lock_acquire
                0x000000000201a73c       0x1c c:/km-20/tool/devkitpro/devkitarm/bin/../lib/gcc/arm-none-eabi/10.1.0/../../../../arm-none-eabi/lib/thumb\libsysbase.a(syscall_support.o)
                0x000000000201a73c                __libc_lock_acquire
 .text.__libc_lock_release
                0x000000000201a758       0x1c c:/km-20/tool/devkitpro/devkitarm/bin/../lib/gcc/arm-none-eabi/10.1.0/../../../../arm-none-eabi/lib/thumb\libsysbase.a(syscall_support.o)
                0x000000000201a758                __libc_lock_release
 .text.__libc_lock_init_recursive
                0x000000000201a774       0x1c c:/km-20/tool/devkitpro/devkitarm/bin/../lib/gcc/arm-none-eabi/10.1.0/../../../../arm-none-eabi/lib/thumb\libsysbase.a(syscall_support.o)
                0x000000000201a774                __libc_lock_init_recursive
 .text.__libc_lock_acquire_recursive
                0x000000000201a790       0x1c c:/km-20/tool/devkitpro/devkitarm/bin/../lib/gcc/arm-none-eabi/10.1.0/../../../../arm-none-eabi/lib/thumb\libsysbase.a(syscall_support.o)
                0x000000000201a790                __libc_lock_acquire_recursive
 .text.__libc_lock_release_recursive
                0x000000000201a7ac       0x1c c:/km-20/tool/devkitpro/devkitarm/bin/../lib/gcc/arm-none-eabi/10.1.0/../../../../arm-none-eabi/lib/thumb\libsysbase.a(syscall_support.o)
                0x000000000201a7ac                __libc_lock_release_recursive
 .text.__libc_lock_close_recursive
                0x000000000201a7c8       0x1c c:/km-20/tool/devkitpro/devkitarm/bin/../lib/gcc/arm-none-eabi/10.1.0/../../../../arm-none-eabi/lib/thumb\libsysbase.a(syscall_support.o)
                0x000000000201a7c8                __libc_lock_close_recursive
 .text.__release_handle
                0x000000000201a7e4       0x68 c:/km-20/tool/devkitpro/devkitarm/bin/../lib/gcc/arm-none-eabi/10.1.0/../../../../arm-none-eabi/lib/thumb\libsysbase.a(handle_manager.o)
                0x000000000201a7e4                __release_handle
 .text.__alloc_handle
                0x000000000201a84c       0x80 c:/km-20/tool/devkitpro/devkitarm/bin/../lib/gcc/arm-none-eabi/10.1.0/../../../../arm-none-eabi/lib/thumb\libsysbase.a(handle_manager.o)
                0x000000000201a84c                __alloc_handle
 .text.__get_handle
                0x000000000201a8cc       0x34 c:/km-20/tool/devkitpro/devkitarm/bin/../lib/gcc/arm-none-eabi/10.1.0/../../../../arm-none-eabi/lib/thumb\libsysbase.a(handle_manager.o)
                0x000000000201a8cc                __get_handle
 .text._close_r
                0x000000000201a900       0xb8 c:/km-20/tool/devkitpro/devkitarm/bin/../lib/gcc/arm-none-eabi/10.1.0/../../../../arm-none-eabi/lib/thumb\libsysbase.a(handle_manager.o)
                0x000000000201a900                _close_r
 .text.__getreent
                0x000000000201a9b8       0x28 c:/km-20/tool/devkitpro/devkitarm/bin/../lib/gcc/arm-none-eabi/10.1.0/../../../../arm-none-eabi/lib/thumb\libsysbase.a(getreent.o)
                0x000000000201a9b8                __getreent
 .text.__getreent.__stub
                0x000000000201a9e0       0xf8 linker stubs
 *(EXCLUDE_FILE(*.twl*) .gnu.warning)
 *(EXCLUDE_FILE(*.twl*) .gnu.linkonce.t*)
 *(.glue_7)
 .glue_7        0x000000000201aae8        0x0 linker stubs
 *(.glue_7t)
 .glue_7t       0x000000000201aae8        0x0 linker stubs
                0x000000000201aae8                . = ALIGN (0x4)

.vfp11_veneer   0x000000000201aae8        0x0
 .vfp11_veneer  0x000000000201aae8        0x0 linker stubs

.v4_bx          0x000000000201aae8        0x0
 .v4_bx         0x000000000201aae8        0x0 linker stubs

.iplt           0x000000000201aae8        0x0
 .iplt          0x000000000201aae8        0x0 c:/km-20/tool/devkitpro/devkitarm/bin/../lib/gcc/arm-none-eabi/10.1.0/../../../../arm-none-eabi/lib/thumb/ds_arm9_crt0.o

.fini           0x000000000201aae8        0xc
 *(.fini)
 .fini          0x000000000201aae8        0x4 c:/km-20/tool/devkitpro/devkitarm/bin/../lib/gcc/arm-none-eabi/10.1.0/thumb/crti.o
                0x000000000201aae8                _fini
 .fini          0x000000000201aaec        0x8 c:/km-20/tool/devkitpro/devkitarm/bin/../lib/gcc/arm-none-eabi/10.1.0/thumb/crtn.o
                0x000000000201aaf4                __text_end = .

.rodata         0x000000000201aaf8     0x94d0
 *(EXCLUDE_FILE(*.twl*) .rodata)
 .rodata        0x000000000201aaf8     0x2004 C:/KM-20/tool/devkitPro/libnds/lib\libnds9.a(default_font.bin.o)
                0x000000000201aaf8                default_font_bin
                0x000000000201caf8                default_font_bin_size
                0x000000000201caf8                default_font_bin_end
 *all.rodata*(*)
 *(EXCLUDE_FILE(*.twl*) .roda)
 *(EXCLUDE_FILE(*.twl*) .rodata.*)
 .rodata.str1.4
                0x000000000201cafc      0x1ed main.o
 *fill*         0x000000000201cce9        0x3 ff
 .rodata.nitroFSInit.str1.4
                0x000000000201ccec        0x8 C:/KM-20/tool/devkitPro/libnds/lib\libfilesystem.a(nitrofs.o)
 .rodata.str1.4
                0x000000000201ccf4        0xe C:/KM-20/tool/devkitPro/libnds/lib\libfilesystem.a(nitrofs.o)
 *fill*         0x000000000201cd02        0x2 ff
 .rodata.fatMount.part.0.str1.4
                0x000000000201cd04        0x2 C:/KM-20/tool/devkitPro/libnds/lib\libfat.a(libfat.o)
 *fill*         0x000000000201cd06        0x2 ff
 .rodata.fatInit.str1.4
                0x000000000201cd08        0x3 C:/KM-20/tool/devkitPro/libnds/lib\libfat.a(libfat.o)
 *fill*         0x000000000201cd0b        0x1 ff
 .rodata.str1.4
                0x000000000201cd0c        0x4 C:/KM-20/tool/devkitPro/libnds/lib\libfat.a(libfat.o)
 .rodata.dotab_fat
                0x000000000201cd10       0x70 C:/KM-20/tool/devkitPro/libnds/lib\libfat.a(libfat.o)
 .rodata.str1.4
                0x000000000201cd80        0x3 C:/KM-20/tool/devkitPro/libnds/lib\libfat.a(disc.o)
                                          0x8 (size before relaxing)
 *fill*         0x000000000201cd83        0x1 ff
 .rodata._FAT_disc_interfaces
                0x000000000201cd84       0x18 C:/KM-20/tool/devkitPro/libnds/lib\libfat.a(disc.o)
                0x000000000201cd84                _FAT_disc_interfaces
 .rodata._FAT_directory_entryFromPath.str1.4
                0x000000000201cd9c        0x7 C:/KM-20/tool/devkitPro/libnds/lib\libfat.a(directory.o)
 .rodata.ILLEGAL_ALIAS_CHARACTERS
                0x000000000201cd9c       0x12 C:/KM-20/tool/devkitPro/libnds/lib\libfat.a(directory.o)
 *fill*         0x000000000201cdae        0x2 ff
 .rodata.ILLEGAL_LFN_CHARACTERS
                0x000000000201cdb0        0xa C:/KM-20/tool/devkitPro/libnds/lib\libfat.a(directory.o)
 *fill*         0x000000000201cdba        0x2 ff
 .rodata.LFN_offset_table
                0x000000000201cdbc       0x34 C:/KM-20/tool/devkitPro/libnds/lib\libfat.a(directory.o)
 .rodata.FAT_SIG
                0x000000000201cdf0        0x3 C:/KM-20/tool/devkitPro/libnds/lib\libfat.a(partition.o)
 *fill*         0x000000000201cdf3        0x1 ff
 .rodata.FS_TWL_SIG
                0x000000000201cdf4        0x8 C:/KM-20/tool/devkitPro/libnds/lib\libfat.a(partition.o)
 .rodata.__sassert.str1.4
                0x000000000201cdfc       0x42 C:/KM-20/tool/devkitPro/libnds/lib\libnds9.a(sassert.o)
 *fill*         0x000000000201ce3e        0x2 ff
 .rodata.con_write.str1.4
                0x000000000201ce40       0x30 C:/KM-20/tool/devkitPro/libnds/lib\libnds9.a(console.o)
 .rodata.con_write
                0x000000000201ce70       0xd4 C:/KM-20/tool/devkitPro/libnds/lib\libnds9.a(console.o)
 .rodata.str1.4
                0x000000000201cf44       0x14 C:/KM-20/tool/devkitPro/libnds/lib\libnds9.a(console.o)
 .rodata.dotab_nocash
                0x000000000201cf58       0x70 C:/KM-20/tool/devkitPro/libnds/lib\libnds9.a(console.o)
 .rodata.dotab_null
                0x000000000201cfc8       0x70 C:/KM-20/tool/devkitPro/libnds/lib\libnds9.a(console.o)
 .rodata.dotab_stdout
                0x000000000201d038       0x70 C:/KM-20/tool/devkitPro/libnds/lib\libnds9.a(console.o)
 .rodata.SIN_LUT
                0x000000000201d0a8      0x102 C:/KM-20/tool/devkitPro/libnds/lib\libnds9.a(trig.o)
                0x000000000201d0a8                SIN_LUT
 *fill*         0x000000000201d1aa        0x2 ff
 .rodata._ctype_
                0x000000000201d1ac      0x101 c:/km-20/tool/devkitpro/devkitarm/bin/../lib/gcc/arm-none-eabi/10.1.0/../../../../arm-none-eabi/lib/thumb\libg.a(lib_a-ctype_.o)
                0x000000000201d1ac                _ctype_
 *fill*         0x000000000201d2ad        0x3 ff
 .rodata._global_impure_ptr
                0x000000000201d2b0        0x4 c:/km-20/tool/devkitpro/devkitarm/bin/../lib/gcc/arm-none-eabi/10.1.0/../../../../arm-none-eabi/lib/thumb\libg.a(lib_a-impure.o)
                0x000000000201d2b0                _global_impure_ptr
 .rodata.str1.4
                0x000000000201d2b4       0x44 c:/km-20/tool/devkitpro/devkitarm/bin/../lib/gcc/arm-none-eabi/10.1.0/../../../../arm-none-eabi/lib/thumb\libg.a(lib_a-locale.o)
                                         0x4c (size before relaxing)
 .rodata._mbrtowc_r.str1.4
                0x000000000201d2f8        0x1 c:/km-20/tool/devkitpro/devkitarm/bin/../lib/gcc/arm-none-eabi/10.1.0/../../../../arm-none-eabi/lib/thumb\libg.a(lib_a-mbrtowc.o)
 .rodata.DAYS_IN_MONTH
                0x000000000201d2f8       0x30 c:/km-20/tool/devkitpro/devkitarm/bin/../lib/gcc/arm-none-eabi/10.1.0/../../../../arm-none-eabi/lib/thumb\libg.a(lib_a-mktime.o)
 .rodata._DAYS_BEFORE_MONTH
                0x000000000201d328       0x30 c:/km-20/tool/devkitpro/devkitarm/bin/../lib/gcc/arm-none-eabi/10.1.0/../../../../arm-none-eabi/lib/thumb\libg.a(lib_a-mktime.o)
 .rodata.__month_lengths
                0x000000000201d358       0x60 c:/km-20/tool/devkitpro/devkitarm/bin/../lib/gcc/arm-none-eabi/10.1.0/../../../../arm-none-eabi/lib/thumb\libg.a(lib_a-month_lengths.o)
                0x000000000201d358                __month_lengths
 .rodata.basefix.0
                0x000000000201d3b8       0x22 c:/km-20/tool/devkitpro/devkitarm/bin/../lib/gcc/arm-none-eabi/10.1.0/../../../../arm-none-eabi/lib/thumb\libg.a(lib_a-svfiscanf.o)
 .rodata._svfprintf_r.str1.1
                0x000000000201d3da       0x3b c:/km-20/tool/devkitpro/devkitarm/bin/../lib/gcc/arm-none-eabi/10.1.0/../../../../arm-none-eabi/lib/thumb\libg.a(lib_a-svfprintf.o)
 *fill*         0x000000000201d415        0x3 ff
 .rodata.blanks.1
                0x000000000201d418       0x10 c:/km-20/tool/devkitpro/devkitarm/bin/../lib/gcc/arm-none-eabi/10.1.0/../../../../arm-none-eabi/lib/thumb\libg.a(lib_a-svfprintf.o)
 .rodata.zeroes.0
                0x000000000201d428       0x10 c:/km-20/tool/devkitpro/devkitarm/bin/../lib/gcc/arm-none-eabi/10.1.0/../../../../arm-none-eabi/lib/thumb\libg.a(lib_a-svfprintf.o)
 .rodata._tzset_unlocked_r.str1.4
                0x000000000201d438       0x53 c:/km-20/tool/devkitpro/devkitarm/bin/../lib/gcc/arm-none-eabi/10.1.0/../../../../arm-none-eabi/lib/thumb\libg.a(lib_a-tzset_r.o)
 .rodata.str1.4
                0x000000000201d48b        0x4 c:/km-20/tool/devkitpro/devkitarm/bin/../lib/gcc/arm-none-eabi/10.1.0/../../../../arm-none-eabi/lib/thumb\libg.a(lib_a-tzvars.o)
 .rodata._vfiprintf_r.str1.1
                0x000000000201d48b       0x29 c:/km-20/tool/devkitpro/devkitarm/bin/../lib/gcc/arm-none-eabi/10.1.0/../../../../arm-none-eabi/lib/thumb\libg.a(lib_a-vfiprintf.o)
 *fill*         0x000000000201d48b        0x1 ff
 .rodata.blanks.1
                0x000000000201d48c       0x10 c:/km-20/tool/devkitpro/devkitarm/bin/../lib/gcc/arm-none-eabi/10.1.0/../../../../arm-none-eabi/lib/thumb\libg.a(lib_a-vfiprintf.o)
 .rodata.zeroes.0
                0x000000000201d49c       0x10 c:/km-20/tool/devkitpro/devkitarm/bin/../lib/gcc/arm-none-eabi/10.1.0/../../../../arm-none-eabi/lib/thumb\libg.a(lib_a-vfiprintf.o)
 .rodata._dtoa_r.str1.4
                0x000000000201d4ac       0x64 c:/km-20/tool/devkitpro/devkitarm/bin/../lib/gcc/arm-none-eabi/10.1.0/../../../../arm-none-eabi/lib/thumb\libg.a(lib_a-dtoa.o)
 .rodata.__multadd.str1.4
                0x000000000201d510       0x3d c:/km-20/tool/devkitpro/devkitarm/bin/../lib/gcc/arm-none-eabi/10.1.0/../../../../arm-none-eabi/lib/thumb\libg.a(lib_a-mprec.o)
                                         0x51 (size before relaxing)
 *fill*         0x000000000201d54d        0x3 ff
 .rodata.__mprec_bigtens
                0x000000000201d550       0x28 c:/km-20/tool/devkitpro/devkitarm/bin/../lib/gcc/arm-none-eabi/10.1.0/../../../../arm-none-eabi/lib/thumb\libg.a(lib_a-mprec.o)
                0x000000000201d550                __mprec_bigtens
 .rodata.__mprec_tens
                0x000000000201d578       0xc8 c:/km-20/tool/devkitpro/devkitarm/bin/../lib/gcc/arm-none-eabi/10.1.0/../../../../arm-none-eabi/lib/thumb\libg.a(lib_a-mprec.o)
                0x000000000201d578                __mprec_tens
 .rodata.p05.0  0x000000000201d640        0xc c:/km-20/tool/devkitpro/devkitarm/bin/../lib/gcc/arm-none-eabi/10.1.0/../../../../arm-none-eabi/lib/thumb\libg.a(lib_a-mprec.o)
 .rodata.__action_table
                0x000000000201d64c       0x6c c:/km-20/tool/devkitpro/devkitarm/bin/../lib/gcc/arm-none-eabi/10.1.0/../../../../arm-none-eabi/lib/thumb\libg.a(lib_a-svfiprintf.o)
                0x000000000201d64c                __action_table
 .rodata.__chclass
                0x000000000201d6b8      0x100 c:/km-20/tool/devkitpro/devkitarm/bin/../lib/gcc/arm-none-eabi/10.1.0/../../../../arm-none-eabi/lib/thumb\libg.a(lib_a-svfiprintf.o)
                0x000000000201d6b8                __chclass
 .rodata.__state_table
                0x000000000201d7b8       0x6c c:/km-20/tool/devkitpro/devkitarm/bin/../lib/gcc/arm-none-eabi/10.1.0/../../../../arm-none-eabi/lib/thumb\libg.a(lib_a-svfiprintf.o)
                0x000000000201d7b8                __state_table
 .rodata.__assert_func.str1.4
                0x000000000201d824       0x3f c:/km-20/tool/devkitpro/devkitarm/bin/../lib/gcc/arm-none-eabi/10.1.0/../../../../arm-none-eabi/lib/thumb\libg.a(lib_a-assert.o)
                                         0x43 (size before relaxing)
 *fill*         0x000000000201d863        0x1 ff
 .rodata.__jp2uc
                0x000000000201d864       0x20 c:/km-20/tool/devkitpro/devkitarm/bin/../lib/gcc/arm-none-eabi/10.1.0/../../../../arm-none-eabi/lib/thumb\libg.a(lib_a-jp2uc.o)
 .rodata._jp2uc_l.str1.4
                0x000000000201d884       0x12 c:/km-20/tool/devkitpro/devkitarm/bin/../lib/gcc/arm-none-eabi/10.1.0/../../../../arm-none-eabi/lib/thumb\libg.a(lib_a-jp2uc.o)
 *fill*         0x000000000201d896        0x2 ff
 .rodata.a1     0x000000000201d898       0xbc c:/km-20/tool/devkitpro/devkitarm/bin/../lib/gcc/arm-none-eabi/10.1.0/../../../../arm-none-eabi/lib/thumb\libg.a(lib_a-jp2uc.o)
 .rodata.a2     0x000000000201d954       0xbc c:/km-20/tool/devkitpro/devkitarm/bin/../lib/gcc/arm-none-eabi/10.1.0/../../../../arm-none-eabi/lib/thumb\libg.a(lib_a-jp2uc.o)
 .rodata.a3     0x000000000201da10       0x5b c:/km-20/tool/devkitpro/devkitarm/bin/../lib/gcc/arm-none-eabi/10.1.0/../../../../arm-none-eabi/lib/thumb\libg.a(lib_a-jp2uc.o)
 *fill*         0x000000000201da6b        0x1 ff
 .rodata.a6     0x000000000201da6c       0x70 c:/km-20/tool/devkitpro/devkitarm/bin/../lib/gcc/arm-none-eabi/10.1.0/../../../../arm-none-eabi/lib/thumb\libg.a(lib_a-jp2uc.o)
 .rodata.a7     0x000000000201dadc       0xa2 c:/km-20/tool/devkitpro/devkitarm/bin/../lib/gcc/arm-none-eabi/10.1.0/../../../../arm-none-eabi/lib/thumb\libg.a(lib_a-jp2uc.o)
 *fill*         0x000000000201db7e        0x2 ff
 .rodata.a8     0x000000000201db80       0x40 c:/km-20/tool/devkitpro/devkitarm/bin/../lib/gcc/arm-none-eabi/10.1.0/../../../../arm-none-eabi/lib/thumb\libg.a(lib_a-jp2uc.o)
 .rodata.b02cf  0x000000000201dbc0     0x172a c:/km-20/tool/devkitpro/devkitarm/bin/../lib/gcc/arm-none-eabi/10.1.0/../../../../arm-none-eabi/lib/thumb\libg.a(lib_a-jp2uc.o)
 *fill*         0x000000000201f2ea        0x2 ff
 .rodata.d02f4  0x000000000201f2ec     0x1a7c c:/km-20/tool/devkitpro/devkitarm/bin/../lib/gcc/arm-none-eabi/10.1.0/../../../../arm-none-eabi/lib/thumb\libg.a(lib_a-jp2uc.o)
 .rodata.categories
                0x0000000002020d68     0x31e6 c:/km-20/tool/devkitpro/devkitarm/bin/../lib/gcc/arm-none-eabi/10.1.0/../../../../arm-none-eabi/lib/thumb\libg.a(lib_a-categories.o)
 *fill*         0x0000000002023f4e        0x2 ff
 .rodata.AddDevice.str1.4